[ 1630244ms] [LOG] [vite] server connection lost. Polling for restart... @ https://studio.hiapis.cloud/@vite/client:963
[ 1789379ms] [ERROR] Failed to load resource: net::ERR_NETWORK_CHANGED @ https://studio.hiapis.cloud/src/views/studio/admin/AdminLedgerView.vue?vue&type=style&index=0&scoped=125aa0be&lang.css:0
[ 1789380ms] [ERROR] Failed to load resource: net::ERR_NETWORK_CHANGED @ https://studio.hiapis.cloud/src/views/studio/admin/AdminRedeemCodesView.vue?vue&type=style&index=0&scoped=389b4cd3&lang.css:0
[ 1789380ms] [ERROR] Failed to load resource: net::ERR_NETWORK_CHANGED @ https://studio.hiapis.cloud/src/views/studio/admin/AdminAuditLogsView.vue?vue&type=style&index=0&scoped=2a97df5f&lang.css:0
[ 1789380ms] [ERROR] Failed to load resource: net::ERR_NETWORK_CHANGED @ https://studio.hiapis.cloud/src/components/common/Button.vue:0
[ 1789380ms] [ERROR] Failed to load resource: net::ERR_NETWORK_CHANGED @ https://studio.hiapis.cloud/src/components/common/Drawer.vue:0
[ 1789381ms] [ERROR] Failed to load resource: net::ERR_NETWORK_CHANGED @ https://studio.hiapis.cloud/src/components/common/LinkButton.vue:0
[ 1789381ms] [ERROR] Failed to load resource: net::ERR_NETWORK_CHANGED @ https://studio.hiapis.cloud/src/components/common/Modal.vue:0
[ 1789381ms] [ERROR] Failed to load resource: net::ERR_NETWORK_CHANGED @ https://studio.hiapis.cloud/src/components/common/Popover.vue:0
[ 1789381ms] [ERROR] Failed to load resource: net::ERR_NETWORK_CHANGED @ https://studio.hiapis.cloud/src/components/common/SearchInput.vue:0
[ 1789381ms] [ERROR] Failed to load resource: net::ERR_NETWORK_CHANGED @ https://studio.hiapis.cloud/src/components/common/Input.vue:0
[ 1789381ms] [ERROR] Failed to load resource: net::ERR_NETWORK_CHANGED @ https://studio.hiapis.cloud/src/components/common/SelectMenu.vue:0
[ 1789381ms] [ERROR] Failed to load resource: net::ERR_NETWORK_CHANGED @ https://studio.hiapis.cloud/src/components/common/Select.vue:0
[ 1789381ms] [ERROR] Failed to load resource: net::ERR_NETWORK_CHANGED @ https://studio.hiapis.cloud/src/components/common/Switch.vue:0
[ 1789381ms] [ERROR] Failed to load resource: net::ERR_NETWORK_CHANGED @ https://studio.hiapis.cloud/src/components/common/DataTable.vue:0
[ 1789382ms] [ERROR] Failed to load resource: net::ERR_NETWORK_CHANGED @ https://studio.hiapis.cloud/src/components/common/Pagination.vue:0
[ 1789382ms] [ERROR] Failed to load resource: net::ERR_NETWORK_CHANGED @ https://studio.hiapis.cloud/src/components/common/Toggle.vue:0
[ 1789382ms] [ERROR] Failed to load resource: net::ERR_NETWORK_CHANGED @ https://studio.hiapis.cloud/src/components/common/EmptyState.vue:0
[ 1789382ms] [ERROR] Failed to load resource: net::ERR_NETWORK_CHANGED @ https://studio.hiapis.cloud/src/components/common/Toast.vue:0
[ 1789382ms] [ERROR] Failed to load resource: net::ERR_NETWORK_CHANGED @ https://studio.hiapis.cloud/src/components/common/toast.store.js:0
[ 1789382ms] [ERROR] Failed to load resource: net::ERR_NETWORK_CHANGED @ https://studio.hiapis.cloud/src/views/studio/admin/AdminSettingsView.vue?vue&type=style&index=0&scoped=bbcc6e85&lang.css:0
[ 1789382ms] [ERROR] Failed to load resource: net::ERR_NETWORK_CHANGED @ https://studio.hiapis.cloud/src/utils/imageCompressor.js:0
[ 1789383ms] [ERROR] Failed to load resource: net::ERR_NETWORK_CHANGED @ https://studio.hiapis.cloud/src/components/studio/QuickPresetsBar.vue?vue&type=style&index=0&scoped=08953be2&lang.css:0
[ 1789383ms] [ERROR] Failed to load resource: net::ERR_NETWORK_CHANGED @ https://studio.hiapis.cloud/src/components/studio/PromptEnhanceModal.vue?vue&type=style&index=0&scoped=d11fb2bc&lang.css:0
[ 1789383ms] [ERROR] Failed to load resource: net::ERR_NETWORK_CHANGED @ https://studio.hiapis.cloud/src/components/ModeSwitch.vue?vue&type=style&index=0&scoped=6025ab1d&lang.css:0
[ 1789383ms] [ERROR] Failed to load resource: net::ERR_NETWORK_CHANGED @ https://studio.hiapis.cloud/src/components/studio/ImageEditModal.vue?vue&type=style&index=0&scoped=a5cd3ee8&lang.css:0
[ 1789383ms] [ERROR] Failed to load resource: net::ERR_NETWORK_CHANGED @ https://studio.hiapis.cloud/src/components/layout/TablePageLayout.vue:0
[ 1789383ms] [ERROR] Failed to load resource: net::ERR_NETWORK_CHANGED @ https://studio.hiapis.cloud/src/components/layout/TableToolbar.vue:0
[ 1789383ms] [ERROR] Failed to load resource: net::ERR_NETWORK_CHANGED @ https://studio.hiapis.cloud/src/components/layout/AdminListLayout.vue:0
[ 1789383ms] [ERROR] Failed to load resource: net::ERR_NETWORK_CHANGED @ https://studio.hiapis.cloud/src/components/ImageUploadGallery.vue?vue&type=style&index=0&scoped=e51396a7&lang.css:0
[ 1789446ms] [ERROR] Failed to load resource: net::ERR_NAME_NOT_RESOLVED @ https://studio.hiapis.cloud/favicon.png:0
