[  480072ms] [ERROR] Failed to load resource: the server responded with a status of 404 (Not Found) @ http://localhost:5171/api/hiapi/capabilities:0
[  514751ms] [ERROR] Failed to load resource: the server responded with a status of 404 (Not Found) @ http://localhost:5171/api/hiapi/capabilities:0
[  569747ms] [ERROR] Failed to load resource: the server responded with a status of 404 (Not Found) @ http://localhost:5171/api/hiapi/capabilities:0
[  648692ms] [ERROR] Failed to load resource: the server responded with a status of 404 (Not Found) @ http://localhost:5171/api/hiapi/capabilities:0
[  797665ms] [ERROR] Failed to load resource: the server responded with a status of 404 (Not Found) @ http://localhost:5171/api/hiapi/capabilities:0
[ 1062841ms] [ERROR] Failed to load resource: the server responded with a status of 404 (Not Found) @ http://localhost:5171/api/hiapi/capabilities:0
[ 1095811ms] [ERROR] Failed to load resource: the server responded with a status of 404 (Not Found) @ http://localhost:5171/api/hiapi/capabilities:0
[ 1404501ms] [WARNING] [Vue warn]: Property "dialoguePromptQuality" was accessed during render but is not defined on instance. 
  at <CreateView onVnodeUnmounted=fn<onVnodeUnmounted> ref=Ref< Proxy(Object) > > 
  at <RouterView> 
  at <StudioView onVnodeUnmounted=fn<onVnodeUnmounted> ref=Ref< Proxy(Object) > > 
  at <RouterView> 
  at <App> @ http://localhost:5171/node_modules/.vite/deps/chunk-MRJR2FE6.js?v=7fbf99be:2220
[ 1404502ms] [WARNING] [Vue warn]: Property "promptChecking" was accessed during render but is not defined on instance. 
  at <CreateView onVnodeUnmounted=fn<onVnodeUnmounted> ref=Ref< Proxy(Object) > > 
  at <RouterView> 
  at <StudioView onVnodeUnmounted=fn<onVnodeUnmounted> ref=Ref< Proxy(Object) > > 
  at <RouterView> 
  at <App> @ http://localhost:5171/node_modules/.vite/deps/chunk-MRJR2FE6.js?v=7fbf99be:2220
[ 1430306ms] [ERROR] Failed to load resource: the server responded with a status of 404 (Not Found) @ http://localhost:5171/api/hiapi/capabilities:0
[ 1530860ms] [ERROR] Failed to load resource: the server responded with a status of 404 (Not Found) @ http://localhost:5171/api/hiapi/capabilities:0
[ 1640621ms] [ERROR] Failed to load resource: the server responded with a status of 404 (Not Found) @ http://localhost:5171/api/hiapi/capabilities:0
[ 1663227ms] [ERROR] Failed to load resource: the server responded with a status of 404 (Not Found) @ http://localhost:5171/api/hiapi/capabilities:0
[ 1860591ms] [ERROR] Failed to load resource: the server responded with a status of 404 (Not Found) @ http://localhost:5171/api/hiapi/capabilities:0
[ 1897974ms] [ERROR] Failed to load resource: the server responded with a status of 404 (Not Found) @ http://localhost:5171/api/hiapi/capabilities:0
[ 2019496ms] [ERROR] Failed to load resource: the server responded with a status of 404 (Not Found) @ http://localhost:5171/api/hiapi/capabilities:0
[ 2069144ms] [ERROR] Failed to load resource: the server responded with a status of 404 (Not Found) @ http://localhost:5171/api/hiapi/capabilities:0
[ 2090491ms] [ERROR] Failed to load resource: the server responded with a status of 404 (Not Found) @ http://localhost:5171/api/hiapi/capabilities:0
[ 2109218ms] [ERROR] Failed to load resource: the server responded with a status of 404 (Not Found) @ http://localhost:5171/api/hiapi/capabilities:0
[ 2153240ms] [ERROR] Failed to load resource: the server responded with a status of 404 (Not Found) @ http://localhost:5171/api/hiapi/capabilities:0
[ 2163340ms] [ERROR] Failed to load resource: the server responded with a status of 404 (Not Found) @ http://localhost:5171/api/hiapi/capabilities:0
[ 2195687ms] [ERROR] Failed to load resource: the server responded with a status of 404 (Not Found) @ http://localhost:5171/api/hiapi/capabilities:0
[ 2213453ms] [ERROR] Failed to load resource: the server responded with a status of 404 (Not Found) @ http://localhost:5171/api/hiapi/capabilities:0
[ 2229775ms] [ERROR] Failed to load resource: the server responded with a status of 404 (Not Found) @ http://localhost:5171/api/hiapi/capabilities:0
[ 2246057ms] [ERROR] Failed to load resource: the server responded with a status of 404 (Not Found) @ http://localhost:5171/api/hiapi/capabilities:0
[ 2305672ms] [ERROR] Failed to load resource: the server responded with a status of 404 (Not Found) @ http://localhost:5171/api/hiapi/capabilities:0
[ 2590681ms] [ERROR] Failed to load resource: the server responded with a status of 404 (Not Found) @ http://localhost:5171/api/hiapi/capabilities:0
[ 2794856ms] [ERROR] Failed to load resource: the server responded with a status of 404 (Not Found) @ http://localhost:5171/api/hiapi/capabilities:0
[ 2901480ms] [ERROR] Failed to load resource: the server responded with a status of 404 (Not Found) @ http://localhost:5171/api/hiapi/capabilities:0
[ 2982121ms] [ERROR] Failed to load resource: the server responded with a status of 404 (Not Found) @ http://localhost:5171/api/hiapi/capabilities:0
[ 3265684ms] [ERROR] Failed to load resource: the server responded with a status of 404 (Not Found) @ http://localhost:5171/api/hiapi/capabilities:0
[ 3289930ms] [ERROR] Failed to load resource: the server responded with a status of 404 (Not Found) @ http://localhost:5171/api/hiapi/capabilities:0
[ 3420100ms] [ERROR] Failed to load resource: the server responded with a status of 404 (Not Found) @ http://localhost:5171/api/hiapi/capabilities:0
[ 3440679ms] [ERROR] Failed to load resource: the server responded with a status of 404 (Not Found) @ http://localhost:5171/api/hiapi/capabilities:0
[ 3562750ms] [ERROR] Failed to load resource: the server responded with a status of 404 (Not Found) @ http://localhost:5171/api/hiapi/capabilities:0
[ 3806708ms] [ERROR] Failed to load resource: the server responded with a status of 404 (Not Found) @ http://localhost:5171/api/hiapi/capabilities:0
[ 3877515ms] [ERROR] Failed to load resource: the server responded with a status of 404 (Not Found) @ http://localhost:5171/api/hiapi/capabilities:0
[ 3920027ms] [ERROR] Failed to load resource: the server responded with a status of 404 (Not Found) @ http://localhost:5171/api/hiapi/capabilities:0
[ 4207514ms] [ERROR] Failed to load resource: the server responded with a status of 404 (Not Found) @ http://localhost:5171/api/hiapi/capabilities:0
[ 4390054ms] [ERROR] Failed to load resource: the server responded with a status of 404 (Not Found) @ http://localhost:5171/api/hiapi/capabilities:0
[ 4437626ms] [ERROR] Failed to load resource: the server responded with a status of 404 (Not Found) @ http://localhost:5171/api/hiapi/capabilities:0
[ 4587478ms] [ERROR] Failed to load resource: the server responded with a status of 404 (Not Found) @ http://localhost:5171/api/hiapi/capabilities:0
[ 4610963ms] [ERROR] Failed to load resource: the server responded with a status of 404 (Not Found) @ http://localhost:5171/api/hiapi/capabilities:0
[ 4629629ms] [ERROR] Failed to load resource: the server responded with a status of 404 (Not Found) @ http://localhost:5171/api/hiapi/capabilities:0
[ 4705736ms] [ERROR] Failed to load resource: the server responded with a status of 404 (Not Found) @ http://localhost:5171/api/hiapi/capabilities:0
[ 4859727ms] [ERROR] Failed to load resource: the server responded with a status of 404 (Not Found) @ http://localhost:5171/api/hiapi/capabilities:0
[ 4949306ms] [ERROR] Failed to load resource: the server responded with a status of 404 (Not Found) @ http://localhost:5171/api/hiapi/capabilities:0
[ 5085086ms] [ERROR] Failed to load resource: the server responded with a status of 404 (Not Found) @ http://localhost:5171/api/hiapi/capabilities:0
[ 5139501ms] [ERROR] Failed to load resource: the server responded with a status of 404 (Not Found) @ http://localhost:5171/api/hiapi/capabilities:0
[ 5242431ms] [LOG] [vite] server connection lost. Polling for restart... @ http://localhost:5171/@vite/client:963
[ 5242435ms] [ERROR] WebSocket connection to 'ws://localhost:5171/' failed: Error in connection establishment: net::ERR_CONNECTION_REFUSED @ http://localhost:5171/@vite/client:1034
[ 5243438ms] [ERROR] WebSocket connection to 'ws://localhost:5171/' failed: Error in connection establishment: net::ERR_CONNECTION_REFUSED @ http://localhost:5171/@vite/client:1034
