[     423ms] [ERROR] Failed to load resource: the server responded with a status of 500 (Internal Server Error) @ http://localhost:5171/api/me:0
[     466ms] [ERROR] Failed to load resource: the server responded with a status of 500 (Internal Server Error) @ http://localhost:5171/api/settings/public:0
[   27280ms] [ERROR] Failed to load resource: the server responded with a status of 500 (Internal Server Error) @ http://localhost:5171/api/login:0
[  140328ms] [LOG] [vite] server connection lost. Polling for restart... @ http://localhost:5171/@vite/client:963
[  140339ms] [ERROR] WebSocket connection to 'ws://localhost:5171/' failed: Error in connection establishment: net::ERR_CONNECTION_REFUSED @ http://localhost:5171/@vite/client:1034
[  141342ms] [ERROR] WebSocket connection to 'ws://localhost:5171/' failed: Error in connection establishment: net::ERR_CONNECTION_REFUSED @ http://localhost:5171/@vite/client:1034
[  142344ms] [ERROR] WebSocket connection to 'ws://localhost:5171/' failed: Error in connection establishment: net::ERR_CONNECTION_REFUSED @ http://localhost:5171/@vite/client:1034
[  143347ms] [ERROR] WebSocket connection to 'ws://localhost:5171/' failed: Error in connection establishment: net::ERR_CONNECTION_REFUSED @ http://localhost:5171/@vite/client:1034
[  144348ms] [ERROR] WebSocket connection to 'ws://localhost:5171/' failed: Error in connection establishment: net::ERR_CONNECTION_REFUSED @ http://localhost:5171/@vite/client:1034
[  145350ms] [ERROR] WebSocket connection to 'ws://localhost:5171/' failed: Error in connection establishment: net::ERR_CONNECTION_REFUSED @ http://localhost:5171/@vite/client:1034
[  146352ms] [ERROR] WebSocket connection to 'ws://localhost:5171/' failed: Error in connection establishment: net::ERR_CONNECTION_REFUSED @ http://localhost:5171/@vite/client:1034
[  147355ms] [ERROR] WebSocket connection to 'ws://localhost:5171/' failed: Error in connection establishment: net::ERR_CONNECTION_REFUSED @ http://localhost:5171/@vite/client:1034
[  148359ms] [ERROR] WebSocket connection to 'ws://localhost:5171/' failed: Error in connection establishment: net::ERR_CONNECTION_REFUSED @ http://localhost:5171/@vite/client:1034
[  149362ms] [ERROR] WebSocket connection to 'ws://localhost:5171/' failed: Error in connection establishment: net::ERR_CONNECTION_REFUSED @ http://localhost:5171/@vite/client:1034
[  150368ms] [ERROR] WebSocket connection to 'ws://localhost:5171/' failed: Error in connection establishment: net::ERR_CONNECTION_REFUSED @ http://localhost:5171/@vite/client:1034
[  151371ms] [ERROR] WebSocket connection to 'ws://localhost:5171/' failed: Error in connection establishment: net::ERR_CONNECTION_REFUSED @ http://localhost:5171/@vite/client:1034
[  152380ms] [ERROR] WebSocket connection to 'ws://localhost:5171/' failed: Error in connection establishment: net::ERR_CONNECTION_REFUSED @ http://localhost:5171/@vite/client:1034
[  153391ms] [ERROR] WebSocket connection to 'ws://localhost:5171/' failed: Error in connection establishment: net::ERR_CONNECTION_REFUSED @ http://localhost:5171/@vite/client:1034
[  154405ms] [ERROR] WebSocket connection to 'ws://localhost:5171/' failed: Error in connection establishment: net::ERR_CONNECTION_REFUSED @ http://localhost:5171/@vite/client:1034
[  155423ms] [ERROR] WebSocket connection to 'ws://localhost:5171/' failed: Error in connection establishment: net::ERR_CONNECTION_REFUSED @ http://localhost:5171/@vite/client:1034
[  156443ms] [ERROR] WebSocket connection to 'ws://localhost:5171/' failed: Error in connection establishment: net::ERR_CONNECTION_REFUSED @ http://localhost:5171/@vite/client:1034
[  157484ms] [ERROR] WebSocket connection to 'ws://localhost:5171/' failed: Error in connection establishment: net::ERR_CONNECTION_REFUSED @ http://localhost:5171/@vite/client:1034
[  158560ms] [ERROR] WebSocket connection to 'ws://localhost:5171/' failed: Error in connection establishment: net::ERR_CONNECTION_REFUSED @ http://localhost:5171/@vite/client:1034
[  159639ms] [ERROR] WebSocket connection to 'ws://localhost:5171/' failed: Error in connection establishment: net::ERR_CONNECTION_REFUSED @ http://localhost:5171/@vite/client:1034
[  160788ms] [ERROR] WebSocket connection to 'ws://localhost:5171/' failed: Error in connection establishment: net::ERR_CONNECTION_REFUSED @ http://localhost:5171/@vite/client:1034
[  161922ms] [ERROR] WebSocket connection to 'ws://localhost:5171/' failed: Error in connection establishment: net::ERR_CONNECTION_REFUSED @ http://localhost:5171/@vite/client:1034
[  163073ms] [ERROR] WebSocket connection to 'ws://localhost:5171/' failed: Error in connection establishment: net::ERR_CONNECTION_REFUSED @ http://localhost:5171/@vite/client:1034
[  164368ms] [ERROR] WebSocket connection to 'ws://localhost:5171/' failed: Error in connection establishment: net::ERR_CONNECTION_REFUSED @ http://localhost:5171/@vite/client:1034
[  165964ms] [ERROR] WebSocket connection to 'ws://localhost:5171/' failed: Error in connection establishment: net::ERR_CONNECTION_REFUSED @ http://localhost:5171/@vite/client:1034
[  167176ms] [ERROR] WebSocket connection to 'ws://localhost:5171/' failed: Error in connection establishment: net::ERR_CONNECTION_REFUSED @ http://localhost:5171/@vite/client:1034
[  169418ms] [ERROR] WebSocket connection to 'ws://localhost:5171/' failed: Error in connection establishment: net::ERR_CONNECTION_REFUSED @ http://localhost:5171/@vite/client:1034
[  170791ms] [ERROR] WebSocket connection to 'ws://localhost:5171/' failed: Error in connection establishment: net::ERR_CONNECTION_REFUSED @ http://localhost:5171/@vite/client:1034
[  174290ms] [ERROR] WebSocket connection to 'ws://localhost:5171/' failed: Error in connection establishment: net::ERR_CONNECTION_REFUSED @ http://localhost:5171/@vite/client:1034
[  176027ms] [ERROR] WebSocket connection to 'ws://localhost:5171/' failed: Error in connection establishment: net::ERR_CONNECTION_REFUSED @ http://localhost:5171/@vite/client:1034
[  181818ms] [ERROR] WebSocket connection to 'ws://localhost:5171/' failed: Error in connection establishment: net::ERR_CONNECTION_REFUSED @ http://localhost:5171/@vite/client:1034
[  185709ms] [ERROR] WebSocket connection to 'ws://localhost:5171/' failed: Error in connection establishment: net::ERR_CONNECTION_REFUSED @ http://localhost:5171/@vite/client:1034
[  190875ms] [ERROR] WebSocket connection to 'ws://localhost:5171/' failed: Error in connection establishment: net::ERR_CONNECTION_REFUSED @ http://localhost:5171/@vite/client:1034
[  196714ms] [ERROR] WebSocket connection to 'ws://localhost:5171/' failed: Error in connection establishment: net::ERR_CONNECTION_REFUSED @ http://localhost:5171/@vite/client:1034
[  200634ms] [ERROR] WebSocket connection to 'ws://localhost:5171/' failed: Error in connection establishment: net::ERR_CONNECTION_REFUSED @ http://localhost:5171/@vite/client:1034
[  204559ms] [ERROR] WebSocket connection to 'ws://localhost:5171/' failed: Error in connection establishment: net::ERR_CONNECTION_REFUSED @ http://localhost:5171/@vite/client:1034
[  208539ms] [ERROR] WebSocket connection to 'ws://localhost:5171/' failed: Error in connection establishment: net::ERR_CONNECTION_REFUSED @ http://localhost:5171/@vite/client:1034
[  212732ms] [ERROR] WebSocket connection to 'ws://localhost:5171/' failed: Error in connection establishment: net::ERR_CONNECTION_REFUSED @ http://localhost:5171/@vite/client:1034
[  214955ms] [ERROR] WebSocket connection to 'ws://localhost:5171/' failed: Error in connection establishment: net::ERR_CONNECTION_REFUSED @ http://localhost:5171/@vite/client:1034
[  218543ms] [ERROR] WebSocket connection to 'ws://localhost:5171/' failed: Error in connection establishment: net::ERR_CONNECTION_REFUSED @ http://localhost:5171/@vite/client:1034
[  220776ms] [ERROR] WebSocket connection to 'ws://localhost:5171/' failed: Error in connection establishment: net::ERR_CONNECTION_REFUSED @ http://localhost:5171/@vite/client:1034
[  225288ms] [ERROR] WebSocket connection to 'ws://localhost:5171/' failed: Error in connection establishment: net::ERR_CONNECTION_REFUSED @ http://localhost:5171/@vite/client:1034
[  231147ms] [ERROR] WebSocket connection to 'ws://localhost:5171/' failed: Error in connection establishment: net::ERR_CONNECTION_REFUSED @ http://localhost:5171/@vite/client:1034
[  233318ms] [ERROR] WebSocket connection to 'ws://localhost:5171/' failed: Error in connection establishment: net::ERR_CONNECTION_REFUSED @ http://localhost:5171/@vite/client:1034
[  237343ms] [ERROR] WebSocket connection to 'ws://localhost:5171/' failed: Error in connection establishment: net::ERR_CONNECTION_REFUSED @ http://localhost:5171/@vite/client:1034
[  239416ms] [ERROR] WebSocket connection to 'ws://localhost:5171/' failed: Error in connection establishment: net::ERR_CONNECTION_REFUSED @ http://localhost:5171/@vite/client:1034
[  240418ms] [ERROR] WebSocket connection to 'ws://localhost:5171/' failed: Error in connection establishment: net::ERR_CONNECTION_REFUSED @ http://localhost:5171/@vite/client:1034
[  241420ms] [ERROR] WebSocket connection to 'ws://localhost:5171/' failed: Error in connection establishment: net::ERR_CONNECTION_REFUSED @ http://localhost:5171/@vite/client:1034
[  242424ms] [ERROR] WebSocket connection to 'ws://localhost:5171/' failed: Error in connection establishment: net::ERR_CONNECTION_REFUSED @ http://localhost:5171/@vite/client:1034
[  243426ms] [ERROR] WebSocket connection to 'ws://localhost:5171/' failed: Error in connection establishment: net::ERR_CONNECTION_REFUSED @ http://localhost:5171/@vite/client:1034
[  244429ms] [ERROR] WebSocket connection to 'ws://localhost:5171/' failed: Error in connection establishment: net::ERR_CONNECTION_REFUSED @ http://localhost:5171/@vite/client:1034
[  245435ms] [ERROR] WebSocket connection to 'ws://localhost:5171/' failed: Error in connection establishment: net::ERR_CONNECTION_REFUSED @ http://localhost:5171/@vite/client:1034
[  246445ms] [ERROR] WebSocket connection to 'ws://localhost:5171/' failed: Error in connection establishment: net::ERR_CONNECTION_REFUSED @ http://localhost:5171/@vite/client:1034
[  247459ms] [ERROR] WebSocket connection to 'ws://localhost:5171/' failed: Error in connection establishment: net::ERR_CONNECTION_REFUSED @ http://localhost:5171/@vite/client:1034
[  248493ms] [ERROR] WebSocket connection to 'ws://localhost:5171/' failed: Error in connection establishment: net::ERR_CONNECTION_REFUSED @ http://localhost:5171/@vite/client:1034
[  249514ms] [ERROR] WebSocket connection to 'ws://localhost:5171/' failed: Error in connection establishment: net::ERR_CONNECTION_REFUSED @ http://localhost:5171/@vite/client:1034
[  250643ms] [ERROR] WebSocket connection to 'ws://localhost:5171/' failed: Error in connection establishment: net::ERR_CONNECTION_REFUSED @ http://localhost:5171/@vite/client:1034
[  251948ms] [ERROR] WebSocket connection to 'ws://localhost:5171/' failed: Error in connection establishment: net::ERR_CONNECTION_REFUSED @ http://localhost:5171/@vite/client:1034
[  253101ms] [ERROR] WebSocket connection to 'ws://localhost:5171/' failed: Error in connection establishment: net::ERR_CONNECTION_REFUSED @ http://localhost:5171/@vite/client:1034
[  254908ms] [ERROR] WebSocket connection to 'ws://localhost:5171/' failed: Error in connection establishment: net::ERR_CONNECTION_REFUSED @ http://localhost:5171/@vite/client:1034
[  257535ms] [ERROR] WebSocket connection to 'ws://localhost:5171/' failed: Error in connection establishment: net::ERR_CONNECTION_REFUSED @ http://localhost:5171/@vite/client:1034
[  261634ms] [ERROR] WebSocket connection to 'ws://localhost:5171/' failed: Error in connection establishment: net::ERR_CONNECTION_REFUSED @ http://localhost:5171/@vite/client:1034
[  264958ms] [ERROR] WebSocket connection to 'ws://localhost:5171/' failed: Error in connection establishment: net::ERR_CONNECTION_REFUSED @ http://localhost:5171/@vite/client:1034
[  268653ms] [ERROR] WebSocket connection to 'ws://localhost:5171/' failed: Error in connection establishment: net::ERR_CONNECTION_REFUSED @ http://localhost:5171/@vite/client:1034
[  271405ms] [ERROR] WebSocket connection to 'ws://localhost:5171/' failed: Error in connection establishment: net::ERR_CONNECTION_REFUSED @ http://localhost:5171/@vite/client:1034
[  276699ms] [ERROR] WebSocket connection to 'ws://localhost:5171/' failed: Error in connection establishment: net::ERR_CONNECTION_REFUSED @ http://localhost:5171/@vite/client:1034
[  281278ms] [ERROR] WebSocket connection to 'ws://localhost:5171/' failed: Error in connection establishment: net::ERR_CONNECTION_REFUSED @ http://localhost:5171/@vite/client:1034
[  284853ms] [ERROR] WebSocket connection to 'ws://localhost:5171/' failed: Error in connection establishment: net::ERR_CONNECTION_REFUSED @ http://localhost:5171/@vite/client:1034
[  287189ms] [ERROR] WebSocket connection to 'ws://localhost:5171/' failed: Error in connection establishment: net::ERR_CONNECTION_REFUSED @ http://localhost:5171/@vite/client:1034
[  289935ms] [ERROR] WebSocket connection to 'ws://localhost:5171/' failed: Error in connection establishment: net::ERR_CONNECTION_REFUSED @ http://localhost:5171/@vite/client:1034
[  295001ms] [ERROR] WebSocket connection to 'ws://localhost:5171/' failed: Error in connection establishment: net::ERR_CONNECTION_REFUSED @ http://localhost:5171/@vite/client:1034
[  298268ms] [ERROR] WebSocket connection to 'ws://localhost:5171/' failed: Error in connection establishment: net::ERR_CONNECTION_REFUSED @ http://localhost:5171/@vite/client:1034
[  302393ms] [ERROR] WebSocket connection to 'ws://localhost:5171/' failed: Error in connection establishment: net::ERR_CONNECTION_REFUSED @ http://localhost:5171/@vite/client:1034
[  305716ms] [ERROR] WebSocket connection to 'ws://localhost:5171/' failed: Error in connection establishment: net::ERR_CONNECTION_REFUSED @ http://localhost:5171/@vite/client:1034
[  311705ms] [ERROR] WebSocket connection to 'ws://localhost:5171/' failed: Error in connection establishment: net::ERR_CONNECTION_REFUSED @ http://localhost:5171/@vite/client:1034
[  315677ms] [ERROR] WebSocket connection to 'ws://localhost:5171/' failed: Error in connection establishment: net::ERR_CONNECTION_REFUSED @ http://localhost:5171/@vite/client:1034
[  321181ms] [ERROR] WebSocket connection to 'ws://localhost:5171/' failed: Error in connection establishment: net::ERR_CONNECTION_REFUSED @ http://localhost:5171/@vite/client:1034
[  326776ms] [ERROR] WebSocket connection to 'ws://localhost:5171/' failed: Error in connection establishment: net::ERR_CONNECTION_REFUSED @ http://localhost:5171/@vite/client:1034
[  332781ms] [ERROR] WebSocket connection to 'ws://localhost:5171/' failed: Error in connection establishment: net::ERR_CONNECTION_REFUSED @ http://localhost:5171/@vite/client:1034
[  337664ms] [ERROR] WebSocket connection to 'ws://localhost:5171/' failed: Error in connection establishment: net::ERR_CONNECTION_REFUSED @ http://localhost:5171/@vite/client:1034
[  340505ms] [ERROR] WebSocket connection to 'ws://localhost:5171/' failed: Error in connection establishment: net::ERR_CONNECTION_REFUSED @ http://localhost:5171/@vite/client:1034
[  345520ms] [ERROR] WebSocket connection to 'ws://localhost:5171/' failed: Error in connection establishment: net::ERR_CONNECTION_REFUSED @ http://localhost:5171/@vite/client:1034
[  350664ms] [ERROR] WebSocket connection to 'ws://localhost:5171/' failed: Error in connection establishment: net::ERR_CONNECTION_REFUSED @ http://localhost:5171/@vite/client:1034
[  353095ms] [ERROR] WebSocket connection to 'ws://localhost:5171/' failed: Error in connection establishment: net::ERR_CONNECTION_REFUSED @ http://localhost:5171/@vite/client:1034
[  355154ms] [ERROR] WebSocket connection to 'ws://localhost:5171/' failed: Error in connection establishment: net::ERR_CONNECTION_REFUSED @ http://localhost:5171/@vite/client:1034
[  358914ms] [ERROR] WebSocket connection to 'ws://localhost:5171/' failed: Error in connection establishment: net::ERR_CONNECTION_REFUSED @ http://localhost:5171/@vite/client:1034
[  364158ms] [ERROR] WebSocket connection to 'ws://localhost:5171/' failed: Error in connection establishment: net::ERR_CONNECTION_REFUSED @ http://localhost:5171/@vite/client:1034
[  370095ms] [ERROR] WebSocket connection to 'ws://localhost:5171/' failed: Error in connection establishment: net::ERR_CONNECTION_REFUSED @ http://localhost:5171/@vite/client:1034
[  373640ms] [ERROR] WebSocket connection to 'ws://localhost:5171/' failed: Error in connection establishment: net::ERR_CONNECTION_REFUSED @ http://localhost:5171/@vite/client:1034
[  376319ms] [ERROR] WebSocket connection to 'ws://localhost:5171/' failed: Error in connection establishment: net::ERR_CONNECTION_REFUSED @ http://localhost:5171/@vite/client:1034
[  381485ms] [ERROR] WebSocket connection to 'ws://localhost:5171/' failed: Error in connection establishment: net::ERR_CONNECTION_REFUSED @ http://localhost:5171/@vite/client:1034
[  385939ms] [ERROR] WebSocket connection to 'ws://localhost:5171/' failed: Error in connection establishment: net::ERR_CONNECTION_REFUSED @ http://localhost:5171/@vite/client:1034
[  391048ms] [ERROR] WebSocket connection to 'ws://localhost:5171/' failed: Error in connection establishment: net::ERR_CONNECTION_REFUSED @ http://localhost:5171/@vite/client:1034
[  396102ms] [ERROR] WebSocket connection to 'ws://localhost:5171/' failed: Error in connection establishment: net::ERR_CONNECTION_REFUSED @ http://localhost:5171/@vite/client:1034
[  400119ms] [ERROR] WebSocket connection to 'ws://localhost:5171/' failed: Error in connection establishment: net::ERR_CONNECTION_REFUSED @ http://localhost:5171/@vite/client:1034
[  405585ms] [ERROR] WebSocket connection to 'ws://localhost:5171/' failed: Error in connection establishment: net::ERR_CONNECTION_REFUSED @ http://localhost:5171/@vite/client:1034
[  410548ms] [ERROR] WebSocket connection to 'ws://localhost:5171/' failed: Error in connection establishment: net::ERR_CONNECTION_REFUSED @ http://localhost:5171/@vite/client:1034
[  414136ms] [ERROR] WebSocket connection to 'ws://localhost:5171/' failed: Error in connection establishment: net::ERR_CONNECTION_REFUSED @ http://localhost:5171/@vite/client:1034
[  417095ms] [ERROR] WebSocket connection to 'ws://localhost:5171/' failed: Error in connection establishment: net::ERR_CONNECTION_REFUSED @ http://localhost:5171/@vite/client:1034
[  420895ms] [ERROR] WebSocket connection to 'ws://localhost:5171/' failed: Error in connection establishment: net::ERR_CONNECTION_REFUSED @ http://localhost:5171/@vite/client:1034
[  423844ms] [ERROR] WebSocket connection to 'ws://localhost:5171/' failed: Error in connection establishment: net::ERR_CONNECTION_REFUSED @ http://localhost:5171/@vite/client:1034
[  426612ms] [ERROR] WebSocket connection to 'ws://localhost:5171/' failed: Error in connection establishment: net::ERR_CONNECTION_REFUSED @ http://localhost:5171/@vite/client:1034
[  432587ms] [ERROR] WebSocket connection to 'ws://localhost:5171/' failed: Error in connection establishment: net::ERR_CONNECTION_REFUSED @ http://localhost:5171/@vite/client:1034
[  437946ms] [ERROR] WebSocket connection to 'ws://localhost:5171/' failed: Error in connection establishment: net::ERR_CONNECTION_REFUSED @ http://localhost:5171/@vite/client:1034
[  442529ms] [ERROR] WebSocket connection to 'ws://localhost:5171/' failed: Error in connection establishment: net::ERR_CONNECTION_REFUSED @ http://localhost:5171/@vite/client:1034
[  445153ms] [ERROR] WebSocket connection to 'ws://localhost:5171/' failed: Error in connection establishment: net::ERR_CONNECTION_REFUSED @ http://localhost:5171/@vite/client:1034
[  447749ms] [ERROR] WebSocket connection to 'ws://localhost:5171/' failed: Error in connection establishment: net::ERR_CONNECTION_REFUSED @ http://localhost:5171/@vite/client:1034
[  452021ms] [ERROR] WebSocket connection to 'ws://localhost:5171/' failed: Error in connection establishment: net::ERR_CONNECTION_REFUSED @ http://localhost:5171/@vite/client:1034
[  455573ms] [ERROR] WebSocket connection to 'ws://localhost:5171/' failed: Error in connection establishment: net::ERR_CONNECTION_REFUSED @ http://localhost:5171/@vite/client:1034
[  459064ms] [ERROR] WebSocket connection to 'ws://localhost:5171/' failed: Error in connection establishment: net::ERR_CONNECTION_REFUSED @ http://localhost:5171/@vite/client:1034
[  463827ms] [ERROR] WebSocket connection to 'ws://localhost:5171/' failed: Error in connection establishment: net::ERR_CONNECTION_REFUSED @ http://localhost:5171/@vite/client:1034
[  466327ms] [ERROR] WebSocket connection to 'ws://localhost:5171/' failed: Error in connection establishment: net::ERR_CONNECTION_REFUSED @ http://localhost:5171/@vite/client:1034
[  472189ms] [ERROR] WebSocket connection to 'ws://localhost:5171/' failed: Error in connection establishment: net::ERR_CONNECTION_REFUSED @ http://localhost:5171/@vite/client:1034
[  474845ms] [ERROR] WebSocket connection to 'ws://localhost:5171/' failed: Error in connection establishment: net::ERR_CONNECTION_REFUSED @ http://localhost:5171/@vite/client:1034
[  479832ms] [ERROR] WebSocket connection to 'ws://localhost:5171/' failed: Error in connection establishment: net::ERR_CONNECTION_REFUSED @ http://localhost:5171/@vite/client:1034
[  480834ms] [ERROR] WebSocket connection to 'ws://localhost:5171/' failed: Error in connection establishment: net::ERR_CONNECTION_REFUSED @ http://localhost:5171/@vite/client:1034
[  481837ms] [ERROR] WebSocket connection to 'ws://localhost:5171/' failed: Error in connection establishment: net::ERR_CONNECTION_REFUSED @ http://localhost:5171/@vite/client:1034
[  482839ms] [ERROR] WebSocket connection to 'ws://localhost:5171/' failed: Error in connection establishment: net::ERR_CONNECTION_REFUSED @ http://localhost:5171/@vite/client:1034
[  483841ms] [ERROR] WebSocket connection to 'ws://localhost:5171/' failed: Error in connection establishment: net::ERR_CONNECTION_REFUSED @ http://localhost:5171/@vite/client:1034
[  484843ms] [ERROR] WebSocket connection to 'ws://localhost:5171/' failed: Error in connection establishment: net::ERR_CONNECTION_REFUSED @ http://localhost:5171/@vite/client:1034
[  485847ms] [ERROR] WebSocket connection to 'ws://localhost:5171/' failed: Error in connection establishment: net::ERR_CONNECTION_REFUSED @ http://localhost:5171/@vite/client:1034
[  486857ms] [ERROR] WebSocket connection to 'ws://localhost:5171/' failed: Error in connection establishment: net::ERR_CONNECTION_REFUSED @ http://localhost:5171/@vite/client:1034
[  487875ms] [ERROR] WebSocket connection to 'ws://localhost:5171/' failed: Error in connection establishment: net::ERR_CONNECTION_REFUSED @ http://localhost:5171/@vite/client:1034
[  488899ms] [ERROR] WebSocket connection to 'ws://localhost:5171/' failed: Error in connection establishment: net::ERR_CONNECTION_REFUSED @ http://localhost:5171/@vite/client:1034
[  489981ms] [ERROR] WebSocket connection to 'ws://localhost:5171/' failed: Error in connection establishment: net::ERR_CONNECTION_REFUSED @ http://localhost:5171/@vite/client:1034
[  491037ms] [ERROR] WebSocket connection to 'ws://localhost:5171/' failed: Error in connection establishment: net::ERR_CONNECTION_REFUSED @ http://localhost:5171/@vite/client:1034
[  492127ms] [ERROR] WebSocket connection to 'ws://localhost:5171/' failed: Error in connection establishment: net::ERR_CONNECTION_REFUSED @ http://localhost:5171/@vite/client:1034
[  493360ms] [ERROR] WebSocket connection to 'ws://localhost:5171/' failed: Error in connection establishment: net::ERR_CONNECTION_REFUSED @ http://localhost:5171/@vite/client:1034
[  495533ms] [ERROR] WebSocket connection to 'ws://localhost:5171/' failed: Error in connection establishment: net::ERR_CONNECTION_REFUSED @ http://localhost:5171/@vite/client:1034
[  498155ms] [ERROR] WebSocket connection to 'ws://localhost:5171/' failed: Error in connection establishment: net::ERR_CONNECTION_REFUSED @ http://localhost:5171/@vite/client:1034
[  502353ms] [ERROR] WebSocket connection to 'ws://localhost:5171/' failed: Error in connection establishment: net::ERR_CONNECTION_REFUSED @ http://localhost:5171/@vite/client:1034
[  508094ms] [ERROR] WebSocket connection to 'ws://localhost:5171/' failed: Error in connection establishment: net::ERR_CONNECTION_REFUSED @ http://localhost:5171/@vite/client:1034
[  511840ms] [ERROR] WebSocket connection to 'ws://localhost:5171/' failed: Error in connection establishment: net::ERR_CONNECTION_REFUSED @ http://localhost:5171/@vite/client:1034
[  514320ms] [ERROR] WebSocket connection to 'ws://localhost:5171/' failed: Error in connection establishment: net::ERR_CONNECTION_REFUSED @ http://localhost:5171/@vite/client:1034
[  518647ms] [ERROR] WebSocket connection to 'ws://localhost:5171/' failed: Error in connection establishment: net::ERR_CONNECTION_REFUSED @ http://localhost:5171/@vite/client:1034
[  523526ms] [ERROR] WebSocket connection to 'ws://localhost:5171/' failed: Error in connection establishment: net::ERR_CONNECTION_REFUSED @ http://localhost:5171/@vite/client:1034
[  528224ms] [ERROR] WebSocket connection to 'ws://localhost:5171/' failed: Error in connection establishment: net::ERR_CONNECTION_REFUSED @ http://localhost:5171/@vite/client:1034
[  530284ms] [ERROR] WebSocket connection to 'ws://localhost:5171/' failed: Error in connection establishment: net::ERR_CONNECTION_REFUSED @ http://localhost:5171/@vite/client:1034
[  535710ms] [ERROR] WebSocket connection to 'ws://localhost:5171/' failed: Error in connection establishment: net::ERR_CONNECTION_REFUSED @ http://localhost:5171/@vite/client:1034
[  538620ms] [ERROR] WebSocket connection to 'ws://localhost:5171/' failed: Error in connection establishment: net::ERR_CONNECTION_REFUSED @ http://localhost:5171/@vite/client:1034
[  541190ms] [ERROR] WebSocket connection to 'ws://localhost:5171/' failed: Error in connection establishment: net::ERR_CONNECTION_REFUSED @ http://localhost:5171/@vite/client:1034
[  544736ms] [ERROR] WebSocket connection to 'ws://localhost:5171/' failed: Error in connection establishment: net::ERR_CONNECTION_REFUSED @ http://localhost:5171/@vite/client:1034
[  549461ms] [ERROR] WebSocket connection to 'ws://localhost:5171/' failed: Error in connection establishment: net::ERR_CONNECTION_REFUSED @ http://localhost:5171/@vite/client:1034
[  553600ms] [ERROR] WebSocket connection to 'ws://localhost:5171/' failed: Error in connection establishment: net::ERR_CONNECTION_REFUSED @ http://localhost:5171/@vite/client:1034
[  557359ms] [ERROR] WebSocket connection to 'ws://localhost:5171/' failed: Error in connection establishment: net::ERR_CONNECTION_REFUSED @ http://localhost:5171/@vite/client:1034
[  559473ms] [ERROR] WebSocket connection to 'ws://localhost:5171/' failed: Error in connection establishment: net::ERR_CONNECTION_REFUSED @ http://localhost:5171/@vite/client:1034
[  563532ms] [ERROR] WebSocket connection to 'ws://localhost:5171/' failed: Error in connection establishment: net::ERR_CONNECTION_REFUSED @ http://localhost:5171/@vite/client:1034
[  568006ms] [ERROR] WebSocket connection to 'ws://localhost:5171/' failed: Error in connection establishment: net::ERR_CONNECTION_REFUSED @ http://localhost:5171/@vite/client:1034
[  571066ms] [ERROR] WebSocket connection to 'ws://localhost:5171/' failed: Error in connection establishment: net::ERR_CONNECTION_REFUSED @ http://localhost:5171/@vite/client:1034
[  573079ms] [ERROR] WebSocket connection to 'ws://localhost:5171/' failed: Error in connection establishment: net::ERR_CONNECTION_REFUSED @ http://localhost:5171/@vite/client:1034
[  577731ms] [ERROR] WebSocket connection to 'ws://localhost:5171/' failed: Error in connection establishment: net::ERR_CONNECTION_REFUSED @ http://localhost:5171/@vite/client:1034
[  581173ms] [ERROR] WebSocket connection to 'ws://localhost:5171/' failed: Error in connection establishment: net::ERR_CONNECTION_REFUSED @ http://localhost:5171/@vite/client:1034
[  583272ms] [ERROR] WebSocket connection to 'ws://localhost:5171/' failed: Error in connection establishment: net::ERR_CONNECTION_REFUSED @ http://localhost:5171/@vite/client:1034
[  589210ms] [ERROR] WebSocket connection to 'ws://localhost:5171/' failed: Error in connection establishment: net::ERR_CONNECTION_REFUSED @ http://localhost:5171/@vite/client:1034
[  593023ms] [ERROR] WebSocket connection to 'ws://localhost:5171/' failed: Error in connection establishment: net::ERR_CONNECTION_REFUSED @ http://localhost:5171/@vite/client:1034
[  595289ms] [ERROR] WebSocket connection to 'ws://localhost:5171/' failed: Error in connection establishment: net::ERR_CONNECTION_REFUSED @ http://localhost:5171/@vite/client:1034
[  597656ms] [ERROR] WebSocket connection to 'ws://localhost:5171/' failed: Error in connection establishment: net::ERR_CONNECTION_REFUSED @ http://localhost:5171/@vite/client:1034
[  599693ms] [ERROR] WebSocket connection to 'ws://localhost:5171/' failed: Error in connection establishment: net::ERR_CONNECTION_REFUSED @ http://localhost:5171/@vite/client:1034
[  604956ms] [ERROR] WebSocket connection to 'ws://localhost:5171/' failed: Error in connection establishment: net::ERR_CONNECTION_REFUSED @ http://localhost:5171/@vite/client:1034
[  609546ms] [ERROR] WebSocket connection to 'ws://localhost:5171/' failed: Error in connection establishment: net::ERR_CONNECTION_REFUSED @ http://localhost:5171/@vite/client:1034
[  614279ms] [ERROR] WebSocket connection to 'ws://localhost:5171/' failed: Error in connection establishment: net::ERR_CONNECTION_REFUSED @ http://localhost:5171/@vite/client:1034
[  618258ms] [ERROR] WebSocket connection to 'ws://localhost:5171/' failed: Error in connection establishment: net::ERR_CONNECTION_REFUSED @ http://localhost:5171/@vite/client:1034
[  622124ms] [ERROR] WebSocket connection to 'ws://localhost:5171/' failed: Error in connection establishment: net::ERR_CONNECTION_REFUSED @ http://localhost:5171/@vite/client:1034
[  625244ms] [ERROR] WebSocket connection to 'ws://localhost:5171/' failed: Error in connection establishment: net::ERR_CONNECTION_REFUSED @ http://localhost:5171/@vite/client:1034
[  628008ms] [ERROR] WebSocket connection to 'ws://localhost:5171/' failed: Error in connection establishment: net::ERR_CONNECTION_REFUSED @ http://localhost:5171/@vite/client:1034
[  630061ms] [ERROR] WebSocket connection to 'ws://localhost:5171/' failed: Error in connection establishment: net::ERR_CONNECTION_REFUSED @ http://localhost:5171/@vite/client:1034
[  633344ms] [ERROR] WebSocket connection to 'ws://localhost:5171/' failed: Error in connection establishment: net::ERR_CONNECTION_REFUSED @ http://localhost:5171/@vite/client:1034
[  637199ms] [ERROR] WebSocket connection to 'ws://localhost:5171/' failed: Error in connection establishment: net::ERR_CONNECTION_REFUSED @ http://localhost:5171/@vite/client:1034
[  640815ms] [ERROR] WebSocket connection to 'ws://localhost:5171/' failed: Error in connection establishment: net::ERR_CONNECTION_REFUSED @ http://localhost:5171/@vite/client:1034
[  645524ms] [ERROR] WebSocket connection to 'ws://localhost:5171/' failed: Error in connection establishment: net::ERR_CONNECTION_REFUSED @ http://localhost:5171/@vite/client:1034
[  651319ms] [ERROR] WebSocket connection to 'ws://localhost:5171/' failed: Error in connection establishment: net::ERR_CONNECTION_REFUSED @ http://localhost:5171/@vite/client:1034
[  654414ms] [ERROR] WebSocket connection to 'ws://localhost:5171/' failed: Error in connection establishment: net::ERR_CONNECTION_REFUSED @ http://localhost:5171/@vite/client:1034
[  656972ms] [ERROR] WebSocket connection to 'ws://localhost:5171/' failed: Error in connection establishment: net::ERR_CONNECTION_REFUSED @ http://localhost:5171/@vite/client:1034
[  661996ms] [ERROR] WebSocket connection to 'ws://localhost:5171/' failed: Error in connection establishment: net::ERR_CONNECTION_REFUSED @ http://localhost:5171/@vite/client:1034
[  664514ms] [ERROR] WebSocket connection to 'ws://localhost:5171/' failed: Error in connection establishment: net::ERR_CONNECTION_REFUSED @ http://localhost:5171/@vite/client:1034
[  670164ms] [ERROR] WebSocket connection to 'ws://localhost:5171/' failed: Error in connection establishment: net::ERR_CONNECTION_REFUSED @ http://localhost:5171/@vite/client:1034
[  676147ms] [ERROR] WebSocket connection to 'ws://localhost:5171/' failed: Error in connection establishment: net::ERR_CONNECTION_REFUSED @ http://localhost:5171/@vite/client:1034
[  679490ms] [ERROR] WebSocket connection to 'ws://localhost:5171/' failed: Error in connection establishment: net::ERR_CONNECTION_REFUSED @ http://localhost:5171/@vite/client:1034
[  683018ms] [ERROR] WebSocket connection to 'ws://localhost:5171/' failed: Error in connection establishment: net::ERR_CONNECTION_REFUSED @ http://localhost:5171/@vite/client:1034
[  685748ms] [ERROR] WebSocket connection to 'ws://localhost:5171/' failed: Error in connection establishment: net::ERR_CONNECTION_REFUSED @ http://localhost:5171/@vite/client:1034
[  689929ms] [ERROR] WebSocket connection to 'ws://localhost:5171/' failed: Error in connection establishment: net::ERR_CONNECTION_REFUSED @ http://localhost:5171/@vite/client:1034
[  693694ms] [ERROR] WebSocket connection to 'ws://localhost:5171/' failed: Error in connection establishment: net::ERR_CONNECTION_REFUSED @ http://localhost:5171/@vite/client:1034
[  698219ms] [ERROR] WebSocket connection to 'ws://localhost:5171/' failed: Error in connection establishment: net::ERR_CONNECTION_REFUSED @ http://localhost:5171/@vite/client:1034
[  700988ms] [ERROR] WebSocket connection to 'ws://localhost:5171/' failed: Error in connection establishment: net::ERR_CONNECTION_REFUSED @ http://localhost:5171/@vite/client:1034
[  706002ms] [ERROR] WebSocket connection to 'ws://localhost:5171/' failed: Error in connection establishment: net::ERR_CONNECTION_REFUSED @ http://localhost:5171/@vite/client:1034
[  711765ms] [ERROR] WebSocket connection to 'ws://localhost:5171/' failed: Error in connection establishment: net::ERR_CONNECTION_REFUSED @ http://localhost:5171/@vite/client:1034
[  713783ms] [ERROR] WebSocket connection to 'ws://localhost:5171/' failed: Error in connection establishment: net::ERR_CONNECTION_REFUSED @ http://localhost:5171/@vite/client:1034
[  718785ms] [ERROR] WebSocket connection to 'ws://localhost:5171/' failed: Error in connection establishment: net::ERR_CONNECTION_REFUSED @ http://localhost:5171/@vite/client:1034
[  724339ms] [ERROR] WebSocket connection to 'ws://localhost:5171/' failed: Error in connection establishment: net::ERR_CONNECTION_REFUSED @ http://localhost:5171/@vite/client:1034
[  729132ms] [ERROR] WebSocket connection to 'ws://localhost:5171/' failed: Error in connection establishment: net::ERR_CONNECTION_REFUSED @ http://localhost:5171/@vite/client:1034
[  731877ms] [ERROR] WebSocket connection to 'ws://localhost:5171/' failed: Error in connection establishment: net::ERR_CONNECTION_REFUSED @ http://localhost:5171/@vite/client:1034
[  734969ms] [ERROR] WebSocket connection to 'ws://localhost:5171/' failed: Error in connection establishment: net::ERR_CONNECTION_REFUSED @ http://localhost:5171/@vite/client:1034
[  739424ms] [ERROR] WebSocket connection to 'ws://localhost:5171/' failed: Error in connection establishment: net::ERR_CONNECTION_REFUSED @ http://localhost:5171/@vite/client:1034
[  745292ms] [ERROR] WebSocket connection to 'ws://localhost:5171/' failed: Error in connection establishment: net::ERR_CONNECTION_REFUSED @ http://localhost:5171/@vite/client:1034
[  750777ms] [ERROR] WebSocket connection to 'ws://localhost:5171/' failed: Error in connection establishment: net::ERR_CONNECTION_REFUSED @ http://localhost:5171/@vite/client:1034
[  753290ms] [ERROR] WebSocket connection to 'ws://localhost:5171/' failed: Error in connection establishment: net::ERR_CONNECTION_REFUSED @ http://localhost:5171/@vite/client:1034
[  756505ms] [ERROR] WebSocket connection to 'ws://localhost:5171/' failed: Error in connection establishment: net::ERR_CONNECTION_REFUSED @ http://localhost:5171/@vite/client:1034
[  759090ms] [ERROR] WebSocket connection to 'ws://localhost:5171/' failed: Error in connection establishment: net::ERR_CONNECTION_REFUSED @ http://localhost:5171/@vite/client:1034
[  762818ms] [ERROR] WebSocket connection to 'ws://localhost:5171/' failed: Error in connection establishment: net::ERR_CONNECTION_REFUSED @ http://localhost:5171/@vite/client:1034
[  766648ms] [ERROR] WebSocket connection to 'ws://localhost:5171/' failed: Error in connection establishment: net::ERR_CONNECTION_REFUSED @ http://localhost:5171/@vite/client:1034
[  771220ms] [ERROR] WebSocket connection to 'ws://localhost:5171/' failed: Error in connection establishment: net::ERR_CONNECTION_REFUSED @ http://localhost:5171/@vite/client:1034
[  775335ms] [ERROR] WebSocket connection to 'ws://localhost:5171/' failed: Error in connection establishment: net::ERR_CONNECTION_REFUSED @ http://localhost:5171/@vite/client:1034
[  778914ms] [ERROR] WebSocket connection to 'ws://localhost:5171/' failed: Error in connection establishment: net::ERR_CONNECTION_REFUSED @ http://localhost:5171/@vite/client:1034
[  784791ms] [ERROR] WebSocket connection to 'ws://localhost:5171/' failed: Error in connection establishment: net::ERR_CONNECTION_REFUSED @ http://localhost:5171/@vite/client:1034
[  786993ms] [ERROR] WebSocket connection to 'ws://localhost:5171/' failed: Error in connection establishment: net::ERR_CONNECTION_REFUSED @ http://localhost:5171/@vite/client:1034
[  791495ms] [ERROR] WebSocket connection to 'ws://localhost:5171/' failed: Error in connection establishment: net::ERR_CONNECTION_REFUSED @ http://localhost:5171/@vite/client:1034
[  793800ms] [ERROR] WebSocket connection to 'ws://localhost:5171/' failed: Error in connection establishment: net::ERR_CONNECTION_REFUSED @ http://localhost:5171/@vite/client:1034
[  798533ms] [ERROR] WebSocket connection to 'ws://localhost:5171/' failed: Error in connection establishment: net::ERR_CONNECTION_REFUSED @ http://localhost:5171/@vite/client:1034
[  801560ms] [ERROR] WebSocket connection to 'ws://localhost:5171/' failed: Error in connection establishment: net::ERR_CONNECTION_REFUSED @ http://localhost:5171/@vite/client:1034
[  806619ms] [ERROR] WebSocket connection to 'ws://localhost:5171/' failed: Error in connection establishment: net::ERR_CONNECTION_REFUSED @ http://localhost:5171/@vite/client:1034
[  811935ms] [ERROR] WebSocket connection to 'ws://localhost:5171/' failed: Error in connection establishment: net::ERR_CONNECTION_REFUSED @ http://localhost:5171/@vite/client:1034
[  817182ms] [ERROR] WebSocket connection to 'ws://localhost:5171/' failed: Error in connection establishment: net::ERR_CONNECTION_REFUSED @ http://localhost:5171/@vite/client:1034
[  823189ms] [ERROR] WebSocket connection to 'ws://localhost:5171/' failed: Error in connection establishment: net::ERR_CONNECTION_REFUSED @ http://localhost:5171/@vite/client:1034
[  827407ms] [ERROR] WebSocket connection to 'ws://localhost:5171/' failed: Error in connection establishment: net::ERR_CONNECTION_REFUSED @ http://localhost:5171/@vite/client:1034
[  831352ms] [ERROR] WebSocket connection to 'ws://localhost:5171/' failed: Error in connection establishment: net::ERR_CONNECTION_REFUSED @ http://localhost:5171/@vite/client:1034
[  833961ms] [ERROR] WebSocket connection to 'ws://localhost:5171/' failed: Error in connection establishment: net::ERR_CONNECTION_REFUSED @ http://localhost:5171/@vite/client:1034
[  839659ms] [ERROR] WebSocket connection to 'ws://localhost:5171/' failed: Error in connection establishment: net::ERR_CONNECTION_REFUSED @ http://localhost:5171/@vite/client:1034
[  841863ms] [ERROR] WebSocket connection to 'ws://localhost:5171/' failed: Error in connection establishment: net::ERR_CONNECTION_REFUSED @ http://localhost:5171/@vite/client:1034
[  845269ms] [ERROR] WebSocket connection to 'ws://localhost:5171/' failed: Error in connection establishment: net::ERR_CONNECTION_REFUSED @ http://localhost:5171/@vite/client:1034
[  847811ms] [ERROR] WebSocket connection to 'ws://localhost:5171/' failed: Error in connection establishment: net::ERR_CONNECTION_REFUSED @ http://localhost:5171/@vite/client:1034
[  852538ms] [ERROR] WebSocket connection to 'ws://localhost:5171/' failed: Error in connection establishment: net::ERR_CONNECTION_REFUSED @ http://localhost:5171/@vite/client:1034
[  856059ms] [ERROR] WebSocket connection to 'ws://localhost:5171/' failed: Error in connection establishment: net::ERR_CONNECTION_REFUSED @ http://localhost:5171/@vite/client:1034
[  861807ms] [ERROR] WebSocket connection to 'ws://localhost:5171/' failed: Error in connection establishment: net::ERR_CONNECTION_REFUSED @ http://localhost:5171/@vite/client:1034
[  865924ms] [ERROR] WebSocket connection to 'ws://localhost:5171/' failed: Error in connection establishment: net::ERR_CONNECTION_REFUSED @ http://localhost:5171/@vite/client:1034
[  868490ms] [ERROR] WebSocket connection to 'ws://localhost:5171/' failed: Error in connection establishment: net::ERR_CONNECTION_REFUSED @ http://localhost:5171/@vite/client:1034
[  871356ms] [ERROR] WebSocket connection to 'ws://localhost:5171/' failed: Error in connection establishment: net::ERR_CONNECTION_REFUSED @ http://localhost:5171/@vite/client:1034
[  873702ms] [ERROR] WebSocket connection to 'ws://localhost:5171/' failed: Error in connection establishment: net::ERR_CONNECTION_REFUSED @ http://localhost:5171/@vite/client:1034
[  879495ms] [ERROR] WebSocket connection to 'ws://localhost:5171/' failed: Error in connection establishment: net::ERR_CONNECTION_REFUSED @ http://localhost:5171/@vite/client:1034
[  882752ms] [ERROR] WebSocket connection to 'ws://localhost:5171/' failed: Error in connection establishment: net::ERR_CONNECTION_REFUSED @ http://localhost:5171/@vite/client:1034
[  886498ms] [ERROR] WebSocket connection to 'ws://localhost:5171/' failed: Error in connection establishment: net::ERR_CONNECTION_REFUSED @ http://localhost:5171/@vite/client:1034
[  889486ms] [ERROR] WebSocket connection to 'ws://localhost:5171/' failed: Error in connection establishment: net::ERR_CONNECTION_REFUSED @ http://localhost:5171/@vite/client:1034
[  895225ms] [ERROR] WebSocket connection to 'ws://localhost:5171/' failed: Error in connection establishment: net::ERR_CONNECTION_REFUSED @ http://localhost:5171/@vite/client:1034
[  899369ms] [ERROR] WebSocket connection to 'ws://localhost:5171/' failed: Error in connection establishment: net::ERR_CONNECTION_REFUSED @ http://localhost:5171/@vite/client:1034
[  903579ms] [ERROR] WebSocket connection to 'ws://localhost:5171/' failed: Error in connection establishment: net::ERR_CONNECTION_REFUSED @ http://localhost:5171/@vite/client:1034
[  907396ms] [ERROR] WebSocket connection to 'ws://localhost:5171/' failed: Error in connection establishment: net::ERR_CONNECTION_REFUSED @ http://localhost:5171/@vite/client:1034
[  911725ms] [ERROR] WebSocket connection to 'ws://localhost:5171/' failed: Error in connection establishment: net::ERR_CONNECTION_REFUSED @ http://localhost:5171/@vite/client:1034
[  914022ms] [ERROR] WebSocket connection to 'ws://localhost:5171/' failed: Error in connection establishment: net::ERR_CONNECTION_REFUSED @ http://localhost:5171/@vite/client:1034
[  919889ms] [ERROR] WebSocket connection to 'ws://localhost:5171/' failed: Error in connection establishment: net::ERR_CONNECTION_REFUSED @ http://localhost:5171/@vite/client:1034
[  923843ms] [ERROR] WebSocket connection to 'ws://localhost:5171/' failed: Error in connection establishment: net::ERR_CONNECTION_REFUSED @ http://localhost:5171/@vite/client:1034
[  927265ms] [ERROR] WebSocket connection to 'ws://localhost:5171/' failed: Error in connection establishment: net::ERR_CONNECTION_REFUSED @ http://localhost:5171/@vite/client:1034
[  932032ms] [ERROR] WebSocket connection to 'ws://localhost:5171/' failed: Error in connection establishment: net::ERR_CONNECTION_REFUSED @ http://localhost:5171/@vite/client:1034
[  936686ms] [ERROR] WebSocket connection to 'ws://localhost:5171/' failed: Error in connection establishment: net::ERR_CONNECTION_REFUSED @ http://localhost:5171/@vite/client:1034
[  939788ms] [ERROR] WebSocket connection to 'ws://localhost:5171/' failed: Error in connection establishment: net::ERR_CONNECTION_REFUSED @ http://localhost:5171/@vite/client:1034
[  944627ms] [ERROR] WebSocket connection to 'ws://localhost:5171/' failed: Error in connection establishment: net::ERR_CONNECTION_REFUSED @ http://localhost:5171/@vite/client:1034
[  949124ms] [ERROR] WebSocket connection to 'ws://localhost:5171/' failed: Error in connection establishment: net::ERR_CONNECTION_REFUSED @ http://localhost:5171/@vite/client:1034
[  953218ms] [ERROR] WebSocket connection to 'ws://localhost:5171/' failed: Error in connection establishment: net::ERR_CONNECTION_REFUSED @ http://localhost:5171/@vite/client:1034
[  958458ms] [ERROR] WebSocket connection to 'ws://localhost:5171/' failed: Error in connection establishment: net::ERR_CONNECTION_REFUSED @ http://localhost:5171/@vite/client:1034
[  960815ms] [ERROR] WebSocket connection to 'ws://localhost:5171/' failed: Error in connection establishment: net::ERR_CONNECTION_REFUSED @ http://localhost:5171/@vite/client:1034
[  961818ms] [ERROR] WebSocket connection to 'ws://localhost:5171/' failed: Error in connection establishment: net::ERR_CONNECTION_REFUSED @ http://localhost:5171/@vite/client:1034
[  962820ms] [ERROR] WebSocket connection to 'ws://localhost:5171/' failed: Error in connection establishment: net::ERR_CONNECTION_REFUSED @ http://localhost:5171/@vite/client:1034
[  963822ms] [ERROR] WebSocket connection to 'ws://localhost:5171/' failed: Error in connection establishment: net::ERR_CONNECTION_REFUSED @ http://localhost:5171/@vite/client:1034
[  964826ms] [ERROR] WebSocket connection to 'ws://localhost:5171/' failed: Error in connection establishment: net::ERR_CONNECTION_REFUSED @ http://localhost:5171/@vite/client:1034
[  965831ms] [ERROR] WebSocket connection to 'ws://localhost:5171/' failed: Error in connection establishment: net::ERR_CONNECTION_REFUSED @ http://localhost:5171/@vite/client:1034
[  966838ms] [ERROR] WebSocket connection to 'ws://localhost:5171/' failed: Error in connection establishment: net::ERR_CONNECTION_REFUSED @ http://localhost:5171/@vite/client:1034
[  967850ms] [ERROR] WebSocket connection to 'ws://localhost:5171/' failed: Error in connection establishment: net::ERR_CONNECTION_REFUSED @ http://localhost:5171/@vite/client:1034
[  968872ms] [ERROR] WebSocket connection to 'ws://localhost:5171/' failed: Error in connection establishment: net::ERR_CONNECTION_REFUSED @ http://localhost:5171/@vite/client:1034
[  969904ms] [ERROR] WebSocket connection to 'ws://localhost:5171/' failed: Error in connection establishment: net::ERR_CONNECTION_REFUSED @ http://localhost:5171/@vite/client:1034
[  970962ms] [ERROR] WebSocket connection to 'ws://localhost:5171/' failed: Error in connection establishment: net::ERR_CONNECTION_REFUSED @ http://localhost:5171/@vite/client:1034
[  972096ms] [ERROR] WebSocket connection to 'ws://localhost:5171/' failed: Error in connection establishment: net::ERR_CONNECTION_REFUSED @ http://localhost:5171/@vite/client:1034
[  973261ms] [ERROR] WebSocket connection to 'ws://localhost:5171/' failed: Error in connection establishment: net::ERR_CONNECTION_REFUSED @ http://localhost:5171/@vite/client:1034
[  974570ms] [ERROR] WebSocket connection to 'ws://localhost:5171/' failed: Error in connection establishment: net::ERR_CONNECTION_REFUSED @ http://localhost:5171/@vite/client:1034
[  976084ms] [ERROR] WebSocket connection to 'ws://localhost:5171/' failed: Error in connection establishment: net::ERR_CONNECTION_REFUSED @ http://localhost:5171/@vite/client:1034
[  978188ms] [ERROR] WebSocket connection to 'ws://localhost:5171/' failed: Error in connection establishment: net::ERR_CONNECTION_REFUSED @ http://localhost:5171/@vite/client:1034
[  981913ms] [ERROR] WebSocket connection to 'ws://localhost:5171/' failed: Error in connection establishment: net::ERR_CONNECTION_REFUSED @ http://localhost:5171/@vite/client:1034
[  986603ms] [ERROR] WebSocket connection to 'ws://localhost:5171/' failed: Error in connection establishment: net::ERR_CONNECTION_REFUSED @ http://localhost:5171/@vite/client:1034
[  990676ms] [ERROR] WebSocket connection to 'ws://localhost:5171/' failed: Error in connection establishment: net::ERR_CONNECTION_REFUSED @ http://localhost:5171/@vite/client:1034
[  994361ms] [ERROR] WebSocket connection to 'ws://localhost:5171/' failed: Error in connection establishment: net::ERR_CONNECTION_REFUSED @ http://localhost:5171/@vite/client:1034
[  998634ms] [ERROR] WebSocket connection to 'ws://localhost:5171/' failed: Error in connection establishment: net::ERR_CONNECTION_REFUSED @ http://localhost:5171/@vite/client:1034
[ 1004146ms] [ERROR] WebSocket connection to 'ws://localhost:5171/' failed: Error in connection establishment: net::ERR_CONNECTION_REFUSED @ http://localhost:5171/@vite/client:1034
[ 1006651ms] [ERROR] WebSocket connection to 'ws://localhost:5171/' failed: Error in connection establishment: net::ERR_CONNECTION_REFUSED @ http://localhost:5171/@vite/client:1034
[ 1009226ms] [ERROR] WebSocket connection to 'ws://localhost:5171/' failed: Error in connection establishment: net::ERR_CONNECTION_REFUSED @ http://localhost:5171/@vite/client:1034
[ 1014565ms] [ERROR] WebSocket connection to 'ws://localhost:5171/' failed: Error in connection establishment: net::ERR_CONNECTION_REFUSED @ http://localhost:5171/@vite/client:1034
[ 1016958ms] [ERROR] WebSocket connection to 'ws://localhost:5171/' failed: Error in connection establishment: net::ERR_CONNECTION_REFUSED @ http://localhost:5171/@vite/client:1034
[ 1019865ms] [ERROR] WebSocket connection to 'ws://localhost:5171/' failed: Error in connection establishment: net::ERR_CONNECTION_REFUSED @ http://localhost:5171/@vite/client:1034
[ 1025759ms] [ERROR] WebSocket connection to 'ws://localhost:5171/' failed: Error in connection establishment: net::ERR_CONNECTION_REFUSED @ http://localhost:5171/@vite/client:1034
[ 1029068ms] [ERROR] WebSocket connection to 'ws://localhost:5171/' failed: Error in connection establishment: net::ERR_CONNECTION_REFUSED @ http://localhost:5171/@vite/client:1034
[ 1031759ms] [ERROR] WebSocket connection to 'ws://localhost:5171/' failed: Error in connection establishment: net::ERR_CONNECTION_REFUSED @ http://localhost:5171/@vite/client:1034
[ 1037520ms] [ERROR] WebSocket connection to 'ws://localhost:5171/' failed: Error in connection establishment: net::ERR_CONNECTION_REFUSED @ http://localhost:5171/@vite/client:1034
[ 1039970ms] [ERROR] WebSocket connection to 'ws://localhost:5171/' failed: Error in connection establishment: net::ERR_CONNECTION_REFUSED @ http://localhost:5171/@vite/client:1034
[ 1042719ms] [ERROR] WebSocket connection to 'ws://localhost:5171/' failed: Error in connection establishment: net::ERR_CONNECTION_REFUSED @ http://localhost:5171/@vite/client:1034
[ 1046911ms] [ERROR] WebSocket connection to 'ws://localhost:5171/' failed: Error in connection establishment: net::ERR_CONNECTION_REFUSED @ http://localhost:5171/@vite/client:1034
[ 1052501ms] [ERROR] WebSocket connection to 'ws://localhost:5171/' failed: Error in connection establishment: net::ERR_CONNECTION_REFUSED @ http://localhost:5171/@vite/client:1034
[ 1054984ms] [ERROR] WebSocket connection to 'ws://localhost:5171/' failed: Error in connection establishment: net::ERR_CONNECTION_REFUSED @ http://localhost:5171/@vite/client:1034
[ 1057446ms] [ERROR] WebSocket connection to 'ws://localhost:5171/' failed: Error in connection establishment: net::ERR_CONNECTION_REFUSED @ http://localhost:5171/@vite/client:1034
[ 1061012ms] [ERROR] WebSocket connection to 'ws://localhost:5171/' failed: Error in connection establishment: net::ERR_CONNECTION_REFUSED @ http://localhost:5171/@vite/client:1034
[ 1065798ms] [ERROR] WebSocket connection to 'ws://localhost:5171/' failed: Error in connection establishment: net::ERR_CONNECTION_REFUSED @ http://localhost:5171/@vite/client:1034
[ 1070284ms] [ERROR] WebSocket connection to 'ws://localhost:5171/' failed: Error in connection establishment: net::ERR_CONNECTION_REFUSED @ http://localhost:5171/@vite/client:1034
[ 1073028ms] [ERROR] WebSocket connection to 'ws://localhost:5171/' failed: Error in connection establishment: net::ERR_CONNECTION_REFUSED @ http://localhost:5171/@vite/client:1034
[ 1077262ms] [ERROR] WebSocket connection to 'ws://localhost:5171/' failed: Error in connection establishment: net::ERR_CONNECTION_REFUSED @ http://localhost:5171/@vite/client:1034
[ 1083049ms] [ERROR] WebSocket connection to 'ws://localhost:5171/' failed: Error in connection establishment: net::ERR_CONNECTION_REFUSED @ http://localhost:5171/@vite/client:1034
[ 1087820ms] [ERROR] WebSocket connection to 'ws://localhost:5171/' failed: Error in connection establishment: net::ERR_CONNECTION_REFUSED @ http://localhost:5171/@vite/client:1034
[ 1093757ms] [ERROR] WebSocket connection to 'ws://localhost:5171/' failed: Error in connection establishment: net::ERR_CONNECTION_REFUSED @ http://localhost:5171/@vite/client:1034
[ 1098111ms] [ERROR] WebSocket connection to 'ws://localhost:5171/' failed: Error in connection establishment: net::ERR_CONNECTION_REFUSED @ http://localhost:5171/@vite/client:1034
[ 1101267ms] [ERROR] WebSocket connection to 'ws://localhost:5171/' failed: Error in connection establishment: net::ERR_CONNECTION_REFUSED @ http://localhost:5171/@vite/client:1034
[ 1104060ms] [ERROR] WebSocket connection to 'ws://localhost:5171/' failed: Error in connection establishment: net::ERR_CONNECTION_REFUSED @ http://localhost:5171/@vite/client:1034
[ 1108187ms] [ERROR] WebSocket connection to 'ws://localhost:5171/' failed: Error in connection establishment: net::ERR_CONNECTION_REFUSED @ http://localhost:5171/@vite/client:1034
[ 1111889ms] [ERROR] WebSocket connection to 'ws://localhost:5171/' failed: Error in connection establishment: net::ERR_CONNECTION_REFUSED @ http://localhost:5171/@vite/client:1034
[ 1115028ms] [ERROR] WebSocket connection to 'ws://localhost:5171/' failed: Error in connection establishment: net::ERR_CONNECTION_REFUSED @ http://localhost:5171/@vite/client:1034
[ 1120853ms] [ERROR] WebSocket connection to 'ws://localhost:5171/' failed: Error in connection establishment: net::ERR_CONNECTION_REFUSED @ http://localhost:5171/@vite/client:1034
[ 1126238ms] [ERROR] WebSocket connection to 'ws://localhost:5171/' failed: Error in connection establishment: net::ERR_CONNECTION_REFUSED @ http://localhost:5171/@vite/client:1034
[ 1129320ms] [ERROR] WebSocket connection to 'ws://localhost:5171/' failed: Error in connection establishment: net::ERR_CONNECTION_REFUSED @ http://localhost:5171/@vite/client:1034
[ 1132801ms] [ERROR] WebSocket connection to 'ws://localhost:5171/' failed: Error in connection establishment: net::ERR_CONNECTION_REFUSED @ http://localhost:5171/@vite/client:1034
[ 1138351ms] [ERROR] WebSocket connection to 'ws://localhost:5171/' failed: Error in connection establishment: net::ERR_CONNECTION_REFUSED @ http://localhost:5171/@vite/client:1034
[ 1142887ms] [ERROR] WebSocket connection to 'ws://localhost:5171/' failed: Error in connection establishment: net::ERR_CONNECTION_REFUSED @ http://localhost:5171/@vite/client:1034
[ 1145883ms] [ERROR] WebSocket connection to 'ws://localhost:5171/' failed: Error in connection establishment: net::ERR_CONNECTION_REFUSED @ http://localhost:5171/@vite/client:1034
[ 1148176ms] [ERROR] WebSocket connection to 'ws://localhost:5171/' failed: Error in connection establishment: net::ERR_CONNECTION_REFUSED @ http://localhost:5171/@vite/client:1034
[ 1151874ms] [ERROR] WebSocket connection to 'ws://localhost:5171/' failed: Error in connection establishment: net::ERR_CONNECTION_REFUSED @ http://localhost:5171/@vite/client:1034
[ 1155276ms] [ERROR] WebSocket connection to 'ws://localhost:5171/' failed: Error in connection establishment: net::ERR_CONNECTION_REFUSED @ http://localhost:5171/@vite/client:1034
[ 1160568ms] [ERROR] WebSocket connection to 'ws://localhost:5171/' failed: Error in connection establishment: net::ERR_CONNECTION_REFUSED @ http://localhost:5171/@vite/client:1034
[ 1163728ms] [ERROR] WebSocket connection to 'ws://localhost:5171/' failed: Error in connection establishment: net::ERR_CONNECTION_REFUSED @ http://localhost:5171/@vite/client:1034
[ 1168379ms] [ERROR] WebSocket connection to 'ws://localhost:5171/' failed: Error in connection establishment: net::ERR_CONNECTION_REFUSED @ http://localhost:5171/@vite/client:1034
[ 1170624ms] [ERROR] WebSocket connection to 'ws://localhost:5171/' failed: Error in connection establishment: net::ERR_CONNECTION_REFUSED @ http://localhost:5171/@vite/client:1034
[ 1175886ms] [ERROR] WebSocket connection to 'ws://localhost:5171/' failed: Error in connection establishment: net::ERR_CONNECTION_REFUSED @ http://localhost:5171/@vite/client:1034
[ 1181556ms] [ERROR] WebSocket connection to 'ws://localhost:5171/' failed: Error in connection establishment: net::ERR_CONNECTION_REFUSED @ http://localhost:5171/@vite/client:1034
[ 1185437ms] [ERROR] WebSocket connection to 'ws://localhost:5171/' failed: Error in connection establishment: net::ERR_CONNECTION_REFUSED @ http://localhost:5171/@vite/client:1034
[ 1189141ms] [ERROR] WebSocket connection to 'ws://localhost:5171/' failed: Error in connection establishment: net::ERR_CONNECTION_REFUSED @ http://localhost:5171/@vite/client:1034
[ 1193917ms] [ERROR] WebSocket connection to 'ws://localhost:5171/' failed: Error in connection establishment: net::ERR_CONNECTION_REFUSED @ http://localhost:5171/@vite/client:1034
[ 1198591ms] [ERROR] WebSocket connection to 'ws://localhost:5171/' failed: Error in connection establishment: net::ERR_CONNECTION_REFUSED @ http://localhost:5171/@vite/client:1034
[ 1202208ms] [ERROR] WebSocket connection to 'ws://localhost:5171/' failed: Error in connection establishment: net::ERR_CONNECTION_REFUSED @ http://localhost:5171/@vite/client:1034
[ 1206176ms] [ERROR] WebSocket connection to 'ws://localhost:5171/' failed: Error in connection establishment: net::ERR_CONNECTION_REFUSED @ http://localhost:5171/@vite/client:1034
[ 1211566ms] [ERROR] WebSocket connection to 'ws://localhost:5171/' failed: Error in connection establishment: net::ERR_CONNECTION_REFUSED @ http://localhost:5171/@vite/client:1034
[ 1214828ms] [ERROR] WebSocket connection to 'ws://localhost:5171/' failed: Error in connection establishment: net::ERR_CONNECTION_REFUSED @ http://localhost:5171/@vite/client:1034
[ 1220020ms] [ERROR] WebSocket connection to 'ws://localhost:5171/' failed: Error in connection establishment: net::ERR_CONNECTION_REFUSED @ http://localhost:5171/@vite/client:1034
[ 1225313ms] [ERROR] WebSocket connection to 'ws://localhost:5171/' failed: Error in connection establishment: net::ERR_CONNECTION_REFUSED @ http://localhost:5171/@vite/client:1034
[ 1230713ms] [ERROR] WebSocket connection to 'ws://localhost:5171/' failed: Error in connection establishment: net::ERR_CONNECTION_REFUSED @ http://localhost:5171/@vite/client:1034
[ 1233038ms] [ERROR] WebSocket connection to 'ws://localhost:5171/' failed: Error in connection establishment: net::ERR_CONNECTION_REFUSED @ http://localhost:5171/@vite/client:1034
[ 1236020ms] [ERROR] WebSocket connection to 'ws://localhost:5171/' failed: Error in connection establishment: net::ERR_CONNECTION_REFUSED @ http://localhost:5171/@vite/client:1034
[ 1239428ms] [ERROR] WebSocket connection to 'ws://localhost:5171/' failed: Error in connection establishment: net::ERR_CONNECTION_REFUSED @ http://localhost:5171/@vite/client:1034
[ 1244967ms] [ERROR] WebSocket connection to 'ws://localhost:5171/' failed: Error in connection establishment: net::ERR_CONNECTION_REFUSED @ http://localhost:5171/@vite/client:1034
[ 1247512ms] [ERROR] WebSocket connection to 'ws://localhost:5171/' failed: Error in connection establishment: net::ERR_CONNECTION_REFUSED @ http://localhost:5171/@vite/client:1034
[ 1251585ms] [ERROR] WebSocket connection to 'ws://localhost:5171/' failed: Error in connection establishment: net::ERR_CONNECTION_REFUSED @ http://localhost:5171/@vite/client:1034
[ 1256800ms] [ERROR] WebSocket connection to 'ws://localhost:5171/' failed: Error in connection establishment: net::ERR_CONNECTION_REFUSED @ http://localhost:5171/@vite/client:1034
[ 1260683ms] [ERROR] WebSocket connection to 'ws://localhost:5171/' failed: Error in connection establishment: net::ERR_CONNECTION_REFUSED @ http://localhost:5171/@vite/client:1034
[ 1265516ms] [ERROR] WebSocket connection to 'ws://localhost:5171/' failed: Error in connection establishment: net::ERR_CONNECTION_REFUSED @ http://localhost:5171/@vite/client:1034
[ 1268234ms] [ERROR] WebSocket connection to 'ws://localhost:5171/' failed: Error in connection establishment: net::ERR_CONNECTION_REFUSED @ http://localhost:5171/@vite/client:1034
[ 1270387ms] [ERROR] WebSocket connection to 'ws://localhost:5171/' failed: Error in connection establishment: net::ERR_CONNECTION_REFUSED @ http://localhost:5171/@vite/client:1034
[ 1274961ms] [ERROR] WebSocket connection to 'ws://localhost:5171/' failed: Error in connection establishment: net::ERR_CONNECTION_REFUSED @ http://localhost:5171/@vite/client:1034
[ 1279146ms] [ERROR] WebSocket connection to 'ws://localhost:5171/' failed: Error in connection establishment: net::ERR_CONNECTION_REFUSED @ http://localhost:5171/@vite/client:1034
[ 1282837ms] [ERROR] WebSocket connection to 'ws://localhost:5171/' failed: Error in connection establishment: net::ERR_CONNECTION_REFUSED @ http://localhost:5171/@vite/client:1034
[ 1287170ms] [ERROR] WebSocket connection to 'ws://localhost:5171/' failed: Error in connection establishment: net::ERR_CONNECTION_REFUSED @ http://localhost:5171/@vite/client:1034
[ 1293161ms] [ERROR] WebSocket connection to 'ws://localhost:5171/' failed: Error in connection establishment: net::ERR_CONNECTION_REFUSED @ http://localhost:5171/@vite/client:1034
[ 1295793ms] [ERROR] WebSocket connection to 'ws://localhost:5171/' failed: Error in connection establishment: net::ERR_CONNECTION_REFUSED @ http://localhost:5171/@vite/client:1034
[ 1300789ms] [ERROR] WebSocket connection to 'ws://localhost:5171/' failed: Error in connection establishment: net::ERR_CONNECTION_REFUSED @ http://localhost:5171/@vite/client:1034
[ 1305404ms] [ERROR] WebSocket connection to 'ws://localhost:5171/' failed: Error in connection establishment: net::ERR_CONNECTION_REFUSED @ http://localhost:5171/@vite/client:1034
[ 1310003ms] [ERROR] WebSocket connection to 'ws://localhost:5171/' failed: Error in connection establishment: net::ERR_CONNECTION_REFUSED @ http://localhost:5171/@vite/client:1034
[ 1313112ms] [ERROR] WebSocket connection to 'ws://localhost:5171/' failed: Error in connection establishment: net::ERR_CONNECTION_REFUSED @ http://localhost:5171/@vite/client:1034
[ 1316336ms] [ERROR] WebSocket connection to 'ws://localhost:5171/' failed: Error in connection establishment: net::ERR_CONNECTION_REFUSED @ http://localhost:5171/@vite/client:1034
[ 1320841ms] [ERROR] WebSocket connection to 'ws://localhost:5171/' failed: Error in connection establishment: net::ERR_CONNECTION_REFUSED @ http://localhost:5171/@vite/client:1034
[ 1321843ms] [ERROR] WebSocket connection to 'ws://localhost:5171/' failed: Error in connection establishment: net::ERR_CONNECTION_REFUSED @ http://localhost:5171/@vite/client:1034
[ 1322845ms] [ERROR] WebSocket connection to 'ws://localhost:5171/' failed: Error in connection establishment: net::ERR_CONNECTION_REFUSED @ http://localhost:5171/@vite/client:1034
[ 1323847ms] [ERROR] WebSocket connection to 'ws://localhost:5171/' failed: Error in connection establishment: net::ERR_CONNECTION_REFUSED @ http://localhost:5171/@vite/client:1034
[ 1324851ms] [ERROR] WebSocket connection to 'ws://localhost:5171/' failed: Error in connection establishment: net::ERR_CONNECTION_REFUSED @ http://localhost:5171/@vite/client:1034
[ 1325856ms] [ERROR] WebSocket connection to 'ws://localhost:5171/' failed: Error in connection establishment: net::ERR_CONNECTION_REFUSED @ http://localhost:5171/@vite/client:1034
[ 1326861ms] [ERROR] WebSocket connection to 'ws://localhost:5171/' failed: Error in connection establishment: net::ERR_CONNECTION_REFUSED @ http://localhost:5171/@vite/client:1034
[ 1327870ms] [ERROR] WebSocket connection to 'ws://localhost:5171/' failed: Error in connection establishment: net::ERR_CONNECTION_REFUSED @ http://localhost:5171/@vite/client:1034
[ 1328885ms] [ERROR] WebSocket connection to 'ws://localhost:5171/' failed: Error in connection establishment: net::ERR_CONNECTION_REFUSED @ http://localhost:5171/@vite/client:1034
[ 1329895ms] [ERROR] WebSocket connection to 'ws://localhost:5171/' failed: Error in connection establishment: net::ERR_CONNECTION_REFUSED @ http://localhost:5171/@vite/client:1034
[ 1330970ms] [ERROR] WebSocket connection to 'ws://localhost:5171/' failed: Error in connection establishment: net::ERR_CONNECTION_REFUSED @ http://localhost:5171/@vite/client:1034
[ 1332012ms] [ERROR] WebSocket connection to 'ws://localhost:5171/' failed: Error in connection establishment: net::ERR_CONNECTION_REFUSED @ http://localhost:5171/@vite/client:1034
[ 1333204ms] [ERROR] WebSocket connection to 'ws://localhost:5171/' failed: Error in connection establishment: net::ERR_CONNECTION_REFUSED @ http://localhost:5171/@vite/client:1034
[ 1334771ms] [ERROR] WebSocket connection to 'ws://localhost:5171/' failed: Error in connection establishment: net::ERR_CONNECTION_REFUSED @ http://localhost:5171/@vite/client:1034
[ 1336902ms] [ERROR] WebSocket connection to 'ws://localhost:5171/' failed: Error in connection establishment: net::ERR_CONNECTION_REFUSED @ http://localhost:5171/@vite/client:1034
[ 1339026ms] [ERROR] WebSocket connection to 'ws://localhost:5171/' failed: Error in connection establishment: net::ERR_CONNECTION_REFUSED @ http://localhost:5171/@vite/client:1034
[ 1341045ms] [ERROR] WebSocket connection to 'ws://localhost:5171/' failed: Error in connection establishment: net::ERR_CONNECTION_REFUSED @ http://localhost:5171/@vite/client:1034
[ 1344393ms] [ERROR] WebSocket connection to 'ws://localhost:5171/' failed: Error in connection establishment: net::ERR_CONNECTION_REFUSED @ http://localhost:5171/@vite/client:1034
[ 1347212ms] [ERROR] WebSocket connection to 'ws://localhost:5171/' failed: Error in connection establishment: net::ERR_CONNECTION_REFUSED @ http://localhost:5171/@vite/client:1034
[ 1350904ms] [ERROR] WebSocket connection to 'ws://localhost:5171/' failed: Error in connection establishment: net::ERR_CONNECTION_REFUSED @ http://localhost:5171/@vite/client:1034
[ 1355648ms] [ERROR] WebSocket connection to 'ws://localhost:5171/' failed: Error in connection establishment: net::ERR_CONNECTION_REFUSED @ http://localhost:5171/@vite/client:1034
[ 1360766ms] [ERROR] WebSocket connection to 'ws://localhost:5171/' failed: Error in connection establishment: net::ERR_CONNECTION_REFUSED @ http://localhost:5171/@vite/client:1034
[ 1362920ms] [ERROR] WebSocket connection to 'ws://localhost:5171/' failed: Error in connection establishment: net::ERR_CONNECTION_REFUSED @ http://localhost:5171/@vite/client:1034
[ 1367174ms] [ERROR] WebSocket connection to 'ws://localhost:5171/' failed: Error in connection establishment: net::ERR_CONNECTION_REFUSED @ http://localhost:5171/@vite/client:1034
[ 1371683ms] [ERROR] WebSocket connection to 'ws://localhost:5171/' failed: Error in connection establishment: net::ERR_CONNECTION_REFUSED @ http://localhost:5171/@vite/client:1034
[ 1374249ms] [ERROR] WebSocket connection to 'ws://localhost:5171/' failed: Error in connection establishment: net::ERR_CONNECTION_REFUSED @ http://localhost:5171/@vite/client:1034
[ 1380097ms] [ERROR] WebSocket connection to 'ws://localhost:5171/' failed: Error in connection establishment: net::ERR_CONNECTION_REFUSED @ http://localhost:5171/@vite/client:1034
[ 1383075ms] [ERROR] WebSocket connection to 'ws://localhost:5171/' failed: Error in connection establishment: net::ERR_CONNECTION_REFUSED @ http://localhost:5171/@vite/client:1034
[ 1388398ms] [ERROR] WebSocket connection to 'ws://localhost:5171/' failed: Error in connection establishment: net::ERR_CONNECTION_REFUSED @ http://localhost:5171/@vite/client:1034
[ 1393940ms] [ERROR] WebSocket connection to 'ws://localhost:5171/' failed: Error in connection establishment: net::ERR_CONNECTION_REFUSED @ http://localhost:5171/@vite/client:1034
[ 1396022ms] [ERROR] WebSocket connection to 'ws://localhost:5171/' failed: Error in connection establishment: net::ERR_CONNECTION_REFUSED @ http://localhost:5171/@vite/client:1034
[ 1398264ms] [ERROR] WebSocket connection to 'ws://localhost:5171/' failed: Error in connection establishment: net::ERR_CONNECTION_REFUSED @ http://localhost:5171/@vite/client:1034
[ 1401328ms] [ERROR] WebSocket connection to 'ws://localhost:5171/' failed: Error in connection establishment: net::ERR_CONNECTION_REFUSED @ http://localhost:5171/@vite/client:1034
[ 1406633ms] [ERROR] WebSocket connection to 'ws://localhost:5171/' failed: Error in connection establishment: net::ERR_CONNECTION_REFUSED @ http://localhost:5171/@vite/client:1034
[ 1411213ms] [ERROR] WebSocket connection to 'ws://localhost:5171/' failed: Error in connection establishment: net::ERR_CONNECTION_REFUSED @ http://localhost:5171/@vite/client:1034
[ 1417150ms] [ERROR] WebSocket connection to 'ws://localhost:5171/' failed: Error in connection establishment: net::ERR_CONNECTION_REFUSED @ http://localhost:5171/@vite/client:1034
[ 1422595ms] [ERROR] WebSocket connection to 'ws://localhost:5171/' failed: Error in connection establishment: net::ERR_CONNECTION_REFUSED @ http://localhost:5171/@vite/client:1034
[ 1426733ms] [ERROR] WebSocket connection to 'ws://localhost:5171/' failed: Error in connection establishment: net::ERR_CONNECTION_REFUSED @ http://localhost:5171/@vite/client:1034
[ 1428817ms] [ERROR] WebSocket connection to 'ws://localhost:5171/' failed: Error in connection establishment: net::ERR_CONNECTION_REFUSED @ http://localhost:5171/@vite/client:1034
[ 1432225ms] [ERROR] WebSocket connection to 'ws://localhost:5171/' failed: Error in connection establishment: net::ERR_CONNECTION_REFUSED @ http://localhost:5171/@vite/client:1034
[ 1437764ms] [ERROR] WebSocket connection to 'ws://localhost:5171/' failed: Error in connection establishment: net::ERR_CONNECTION_REFUSED @ http://localhost:5171/@vite/client:1034
[ 1442897ms] [ERROR] WebSocket connection to 'ws://localhost:5171/' failed: Error in connection establishment: net::ERR_CONNECTION_REFUSED @ http://localhost:5171/@vite/client:1034
[ 1446190ms] [ERROR] WebSocket connection to 'ws://localhost:5171/' failed: Error in connection establishment: net::ERR_CONNECTION_REFUSED @ http://localhost:5171/@vite/client:1034
[ 1450439ms] [ERROR] WebSocket connection to 'ws://localhost:5171/' failed: Error in connection establishment: net::ERR_CONNECTION_REFUSED @ http://localhost:5171/@vite/client:1034
[ 1456016ms] [ERROR] WebSocket connection to 'ws://localhost:5171/' failed: Error in connection establishment: net::ERR_CONNECTION_REFUSED @ http://localhost:5171/@vite/client:1034
[ 1461999ms] [ERROR] WebSocket connection to 'ws://localhost:5171/' failed: Error in connection establishment: net::ERR_CONNECTION_REFUSED @ http://localhost:5171/@vite/client:1034
[ 1465631ms] [ERROR] WebSocket connection to 'ws://localhost:5171/' failed: Error in connection establishment: net::ERR_CONNECTION_REFUSED @ http://localhost:5171/@vite/client:1034
[ 1470706ms] [ERROR] WebSocket connection to 'ws://localhost:5171/' failed: Error in connection establishment: net::ERR_CONNECTION_REFUSED @ http://localhost:5171/@vite/client:1034
[ 1473516ms] [ERROR] WebSocket connection to 'ws://localhost:5171/' failed: Error in connection establishment: net::ERR_CONNECTION_REFUSED @ http://localhost:5171/@vite/client:1034
[ 1476723ms] [ERROR] WebSocket connection to 'ws://localhost:5171/' failed: Error in connection establishment: net::ERR_CONNECTION_REFUSED @ http://localhost:5171/@vite/client:1034
[ 1479777ms] [ERROR] WebSocket connection to 'ws://localhost:5171/' failed: Error in connection establishment: net::ERR_CONNECTION_REFUSED @ http://localhost:5171/@vite/client:1034
[ 1484979ms] [ERROR] WebSocket connection to 'ws://localhost:5171/' failed: Error in connection establishment: net::ERR_CONNECTION_REFUSED @ http://localhost:5171/@vite/client:1034
[ 1490488ms] [ERROR] WebSocket connection to 'ws://localhost:5171/' failed: Error in connection establishment: net::ERR_CONNECTION_REFUSED @ http://localhost:5171/@vite/client:1034
[ 1493693ms] [ERROR] WebSocket connection to 'ws://localhost:5171/' failed: Error in connection establishment: net::ERR_CONNECTION_REFUSED @ http://localhost:5171/@vite/client:1034
[ 1498300ms] [ERROR] WebSocket connection to 'ws://localhost:5171/' failed: Error in connection establishment: net::ERR_CONNECTION_REFUSED @ http://localhost:5171/@vite/client:1034
[ 1502897ms] [ERROR] WebSocket connection to 'ws://localhost:5171/' failed: Error in connection establishment: net::ERR_CONNECTION_REFUSED @ http://localhost:5171/@vite/client:1034
[ 1508770ms] [ERROR] WebSocket connection to 'ws://localhost:5171/' failed: Error in connection establishment: net::ERR_CONNECTION_REFUSED @ http://localhost:5171/@vite/client:1034
[ 1513172ms] [ERROR] WebSocket connection to 'ws://localhost:5171/' failed: Error in connection establishment: net::ERR_CONNECTION_REFUSED @ http://localhost:5171/@vite/client:1034
[ 1515514ms] [ERROR] WebSocket connection to 'ws://localhost:5171/' failed: Error in connection establishment: net::ERR_CONNECTION_REFUSED @ http://localhost:5171/@vite/client:1034
[ 1520489ms] [ERROR] WebSocket connection to 'ws://localhost:5171/' failed: Error in connection establishment: net::ERR_CONNECTION_REFUSED @ http://localhost:5171/@vite/client:1034
[ 1524363ms] [ERROR] WebSocket connection to 'ws://localhost:5171/' failed: Error in connection establishment: net::ERR_CONNECTION_REFUSED @ http://localhost:5171/@vite/client:1034
[ 1528537ms] [ERROR] WebSocket connection to 'ws://localhost:5171/' failed: Error in connection establishment: net::ERR_CONNECTION_REFUSED @ http://localhost:5171/@vite/client:1034
[ 1532167ms] [ERROR] WebSocket connection to 'ws://localhost:5171/' failed: Error in connection establishment: net::ERR_CONNECTION_REFUSED @ http://localhost:5171/@vite/client:1034
[ 1536967ms] [ERROR] WebSocket connection to 'ws://localhost:5171/' failed: Error in connection establishment: net::ERR_CONNECTION_REFUSED @ http://localhost:5171/@vite/client:1034
[ 1540579ms] [ERROR] WebSocket connection to 'ws://localhost:5171/' failed: Error in connection establishment: net::ERR_CONNECTION_REFUSED @ http://localhost:5171/@vite/client:1034
[ 1542925ms] [ERROR] WebSocket connection to 'ws://localhost:5171/' failed: Error in connection establishment: net::ERR_CONNECTION_REFUSED @ http://localhost:5171/@vite/client:1034
[ 1547183ms] [ERROR] WebSocket connection to 'ws://localhost:5171/' failed: Error in connection establishment: net::ERR_CONNECTION_REFUSED @ http://localhost:5171/@vite/client:1034
[ 1551831ms] [ERROR] WebSocket connection to 'ws://localhost:5171/' failed: Error in connection establishment: net::ERR_CONNECTION_REFUSED @ http://localhost:5171/@vite/client:1034
[ 1556433ms] [ERROR] WebSocket connection to 'ws://localhost:5171/' failed: Error in connection establishment: net::ERR_CONNECTION_REFUSED @ http://localhost:5171/@vite/client:1034
[ 1561610ms] [ERROR] WebSocket connection to 'ws://localhost:5171/' failed: Error in connection establishment: net::ERR_CONNECTION_REFUSED @ http://localhost:5171/@vite/client:1034
[ 1562614ms] [ERROR] WebSocket connection to 'ws://localhost:5171/' failed: Error in connection establishment: net::ERR_CONNECTION_REFUSED @ http://localhost:5171/@vite/client:1034
[ 1563616ms] [ERROR] WebSocket connection to 'ws://localhost:5171/' failed: Error in connection establishment: net::ERR_CONNECTION_REFUSED @ http://localhost:5171/@vite/client:1034
[ 1564618ms] [ERROR] WebSocket connection to 'ws://localhost:5171/' failed: Error in connection establishment: net::ERR_CONNECTION_REFUSED @ http://localhost:5171/@vite/client:1034
[ 1565621ms] [ERROR] WebSocket connection to 'ws://localhost:5171/' failed: Error in connection establishment: net::ERR_CONNECTION_REFUSED @ http://localhost:5171/@vite/client:1034
[ 1566624ms] [ERROR] WebSocket connection to 'ws://localhost:5171/' failed: Error in connection establishment: net::ERR_CONNECTION_REFUSED @ http://localhost:5171/@vite/client:1034
[ 1567628ms] [ERROR] WebSocket connection to 'ws://localhost:5171/' failed: Error in connection establishment: net::ERR_CONNECTION_REFUSED @ http://localhost:5171/@vite/client:1034
[ 1568637ms] [ERROR] WebSocket connection to 'ws://localhost:5171/' failed: Error in connection establishment: net::ERR_CONNECTION_REFUSED @ http://localhost:5171/@vite/client:1034
[ 1569650ms] [ERROR] WebSocket connection to 'ws://localhost:5171/' failed: Error in connection establishment: net::ERR_CONNECTION_REFUSED @ http://localhost:5171/@vite/client:1034
[ 1570683ms] [ERROR] WebSocket connection to 'ws://localhost:5171/' failed: Error in connection establishment: net::ERR_CONNECTION_REFUSED @ http://localhost:5171/@vite/client:1034
[ 1571723ms] [ERROR] WebSocket connection to 'ws://localhost:5171/' failed: Error in connection establishment: net::ERR_CONNECTION_REFUSED @ http://localhost:5171/@vite/client:1034
[ 1572850ms] [ERROR] WebSocket connection to 'ws://localhost:5171/' failed: Error in connection establishment: net::ERR_CONNECTION_REFUSED @ http://localhost:5171/@vite/client:1034
[ 1573933ms] [ERROR] WebSocket connection to 'ws://localhost:5171/' failed: Error in connection establishment: net::ERR_CONNECTION_REFUSED @ http://localhost:5171/@vite/client:1034
[ 1575245ms] [ERROR] WebSocket connection to 'ws://localhost:5171/' failed: Error in connection establishment: net::ERR_CONNECTION_REFUSED @ http://localhost:5171/@vite/client:1034
[ 1576532ms] [ERROR] WebSocket connection to 'ws://localhost:5171/' failed: Error in connection establishment: net::ERR_CONNECTION_REFUSED @ http://localhost:5171/@vite/client:1034
[ 1578939ms] [ERROR] WebSocket connection to 'ws://localhost:5171/' failed: Error in connection establishment: net::ERR_CONNECTION_REFUSED @ http://localhost:5171/@vite/client:1034
[ 1581300ms] [ERROR] WebSocket connection to 'ws://localhost:5171/' failed: Error in connection establishment: net::ERR_CONNECTION_REFUSED @ http://localhost:5171/@vite/client:1034
[ 1583445ms] [ERROR] WebSocket connection to 'ws://localhost:5171/' failed: Error in connection establishment: net::ERR_CONNECTION_REFUSED @ http://localhost:5171/@vite/client:1034
[ 1586642ms] [ERROR] WebSocket connection to 'ws://localhost:5171/' failed: Error in connection establishment: net::ERR_CONNECTION_REFUSED @ http://localhost:5171/@vite/client:1034
[ 1592358ms] [ERROR] WebSocket connection to 'ws://localhost:5171/' failed: Error in connection establishment: net::ERR_CONNECTION_REFUSED @ http://localhost:5171/@vite/client:1034
[ 1594416ms] [ERROR] WebSocket connection to 'ws://localhost:5171/' failed: Error in connection establishment: net::ERR_CONNECTION_REFUSED @ http://localhost:5171/@vite/client:1034
[ 1599371ms] [ERROR] WebSocket connection to 'ws://localhost:5171/' failed: Error in connection establishment: net::ERR_CONNECTION_REFUSED @ http://localhost:5171/@vite/client:1034
[ 1604488ms] [ERROR] WebSocket connection to 'ws://localhost:5171/' failed: Error in connection establishment: net::ERR_CONNECTION_REFUSED @ http://localhost:5171/@vite/client:1034
[ 1607800ms] [ERROR] WebSocket connection to 'ws://localhost:5171/' failed: Error in connection establishment: net::ERR_CONNECTION_REFUSED @ http://localhost:5171/@vite/client:1034
[ 1611655ms] [ERROR] WebSocket connection to 'ws://localhost:5171/' failed: Error in connection establishment: net::ERR_CONNECTION_REFUSED @ http://localhost:5171/@vite/client:1034
[ 1616827ms] [ERROR] WebSocket connection to 'ws://localhost:5171/' failed: Error in connection establishment: net::ERR_CONNECTION_REFUSED @ http://localhost:5171/@vite/client:1034
[ 1619326ms] [ERROR] WebSocket connection to 'ws://localhost:5171/' failed: Error in connection establishment: net::ERR_CONNECTION_REFUSED @ http://localhost:5171/@vite/client:1034
[ 1622604ms] [ERROR] WebSocket connection to 'ws://localhost:5171/' failed: Error in connection establishment: net::ERR_CONNECTION_REFUSED @ http://localhost:5171/@vite/client:1034
[ 1627262ms] [ERROR] WebSocket connection to 'ws://localhost:5171/' failed: Error in connection establishment: net::ERR_CONNECTION_REFUSED @ http://localhost:5171/@vite/client:1034
[ 1632471ms] [ERROR] WebSocket connection to 'ws://localhost:5171/' failed: Error in connection establishment: net::ERR_CONNECTION_REFUSED @ http://localhost:5171/@vite/client:1034
[ 1636908ms] [ERROR] WebSocket connection to 'ws://localhost:5171/' failed: Error in connection establishment: net::ERR_CONNECTION_REFUSED @ http://localhost:5171/@vite/client:1034
[ 1639734ms] [ERROR] WebSocket connection to 'ws://localhost:5171/' failed: Error in connection establishment: net::ERR_CONNECTION_REFUSED @ http://localhost:5171/@vite/client:1034
[ 1645075ms] [ERROR] WebSocket connection to 'ws://localhost:5171/' failed: Error in connection establishment: net::ERR_CONNECTION_REFUSED @ http://localhost:5171/@vite/client:1034
[ 1649075ms] [ERROR] WebSocket connection to 'ws://localhost:5171/' failed: Error in connection establishment: net::ERR_CONNECTION_REFUSED @ http://localhost:5171/@vite/client:1034
[ 1651631ms] [ERROR] WebSocket connection to 'ws://localhost:5171/' failed: Error in connection establishment: net::ERR_CONNECTION_REFUSED @ http://localhost:5171/@vite/client:1034
[ 1654797ms] [ERROR] WebSocket connection to 'ws://localhost:5171/' failed: Error in connection establishment: net::ERR_CONNECTION_REFUSED @ http://localhost:5171/@vite/client:1034
[ 1656842ms] [ERROR] WebSocket connection to 'ws://localhost:5171/' failed: Error in connection establishment: net::ERR_CONNECTION_REFUSED @ http://localhost:5171/@vite/client:1034
[ 1661469ms] [ERROR] WebSocket connection to 'ws://localhost:5171/' failed: Error in connection establishment: net::ERR_CONNECTION_REFUSED @ http://localhost:5171/@vite/client:1034
[ 1664055ms] [ERROR] WebSocket connection to 'ws://localhost:5171/' failed: Error in connection establishment: net::ERR_CONNECTION_REFUSED @ http://localhost:5171/@vite/client:1034
[ 1666454ms] [ERROR] WebSocket connection to 'ws://localhost:5171/' failed: Error in connection establishment: net::ERR_CONNECTION_REFUSED @ http://localhost:5171/@vite/client:1034
[ 1672238ms] [ERROR] WebSocket connection to 'ws://localhost:5171/' failed: Error in connection establishment: net::ERR_CONNECTION_REFUSED @ http://localhost:5171/@vite/client:1034
[ 1674782ms] [ERROR] WebSocket connection to 'ws://localhost:5171/' failed: Error in connection establishment: net::ERR_CONNECTION_REFUSED @ http://localhost:5171/@vite/client:1034
[ 1677936ms] [ERROR] WebSocket connection to 'ws://localhost:5171/' failed: Error in connection establishment: net::ERR_CONNECTION_REFUSED @ http://localhost:5171/@vite/client:1034
[ 1802154ms] [ERROR] Failed to load resource: the server responded with a status of 500 (Internal Server Error) @ http://localhost:5171/src/router/index.js?t=1780022797109:0
[ 1821102ms] [ERROR] Failed to load resource: the server responded with a status of 500 (Internal Server Error) @ http://localhost:5171/src/router/index.js?t=1780022816060:0
